[    0.000000] Initializing cgroup subsys cpuset
[    0.000000] Initializing cgroup subsys cpu
[    0.000000] Initializing cgroup subsys cpuacct
[    0.000000] Linux version 3.10.0-1127.el7.x86_64 (mockbuild@x86-034.build.eng.bos.redhat.com) (gcc version 4.8.5 20150623 (Red Hat 4.8.5-39) (GCC) ) #1 SMP Tue Feb 18 16:39:12 EST 2020
[    0.000000] Command line: BOOT_IMAGE=/vmlinuz-3.10.0-1127.el7.x86_64 root=UUID=343fbbb3-882f-46c5-8d1f-dcaeb5a3d2af ro crashkernel=auto rhgb quiet LANG=en_US.UTF-8
[    0.000000] e820: BIOS-provided physical RAM map:
[    0.000000] BIOS-e820: [mem 0x0000000000000000-0x000000000009ffff] usable
[    0.000000] BIOS-e820: [mem 0x00000000000f0000-0x00000000000fffff] reserved
[    0.000000] BIOS-e820: [mem 0x0000000000100000-0x000000005f9fbfff] usable
[    0.000000] BIOS-e820: [mem 0x000000005f9fc000-0x000000005fa03fff] reserved
[    0.000000] BIOS-e820: [mem 0x000000005fa04000-0x000000006a13afff] usable
[    0.000000] BIOS-e820: [mem 0x000000006a13b000-0x000000006a13bfff] reserved
[    0.000000] BIOS-e820: [mem 0x000000006a13c000-0x000000006a158fff] usable
[    0.000000] BIOS-e820: [mem 0x000000006a159000-0x000000006a159fff] reserved
[    0.000000] BIOS-e820: [mem 0x000000006a15a000-0x000000006a165fff] usable
[    0.000000] BIOS-e820: [mem 0x000000006a166000-0x000000006a16ffff] reserved
[    0.000000] BIOS-e820: [mem 0x000000006a170000-0x000000006a817fff] usable
[    0.000000] BIOS-e820: [mem 0x000000006a818000-0x000000006a819fff] reserved
[    0.000000] BIOS-e820: [mem 0x000000006a81a000-0x000000006a838fff] usable
[    0.000000] BIOS-e820: [mem 0x000000006a839000-0x000000006a839fff] reserved
[    0.000000] BIOS-e820: [mem 0x000000006a83a000-0x000000006a83afff] usable
[    0.000000] BIOS-e820: [mem 0x000000006a83b000-0x000000006a83bfff] reserved
[    0.000000] BIOS-e820: [mem 0x000000006a83c000-0x000000006bda1fff] usable
[    0.000000] BIOS-e820: [mem 0x000000006bda2000-0x000000006d3cdfff] reserved
[    0.000000] BIOS-e820: [mem 0x000000006d3ce000-0x000000006d3dcfff] usable
[    0.000000] BIOS-e820: [mem 0x000000006d3dd000-0x000000006d3ddfff] reserved
[    0.000000] BIOS-e820: [mem 0x000000006d3de000-0x000000006f83cfff] usable
[    0.000000] BIOS-e820: [mem 0x000000006f83d000-0x000000006f93dfff] reserved
[    0.000000] BIOS-e820: [mem 0x000000006f93e000-0x00000000776c8fff] usable
[    0.000000] BIOS-e820: [mem 0x00000000776c9000-0x00000000776c9fff] reserved
[    0.000000] BIOS-e820: [mem 0x00000000776ca000-0x0000000077d3dfff] usable
[    0.000000] BIOS-e820: [mem 0x0000000077d3e000-0x0000000077d5dfff] ACPI NVS
[    0.000000] BIOS-e820: [mem 0x0000000077d5e000-0x0000000077dbbfff] ACPI data
[    0.000000] BIOS-e820: [mem 0x0000000077dbc000-0x0000000077dfdfff] reserved
[    0.000000] BIOS-e820: [mem 0x0000000077dfe000-0x0000000077dfefff] usable
[    0.000000] BIOS-e820: [mem 0x0000000077dff000-0x000000008fffffff] reserved
[    0.000000] BIOS-e820: [mem 0x00000000aa180000-0x00000000aa18ffff] reserved
[    0.000000] BIOS-e820: [mem 0x00000000c5180000-0x00000000c518ffff] reserved
[    0.000000] BIOS-e820: [mem 0x00000000e0280000-0x00000000e028ffff] reserved
[    0.000000] BIOS-e820: [mem 0x00000000fd180000-0x00000000fd18ffff] reserved
[    0.000000] BIOS-e820: [mem 0x00000000fed80000-0x00000000fed80fff] reserved
[    0.000000] BIOS-e820: [mem 0x0000000100000000-0x000000047f1fffff] usable
[    0.000000] BIOS-e820: [mem 0x000000047f200000-0x00000004903fffff] reserved
[    0.000000] BIOS-e820: [mem 0x00000202a0000000-0x00000202b03fffff] reserved
[    0.000000] BIOS-e820: [mem 0x00000400c0000000-0x00000400d03fffff] reserved
[    0.000000] BIOS-e820: [mem 0x000005fee0000000-0x000005fef03fffff] reserved
[    0.000000] NX (Execute Disable) protection: active
[    0.000000] e820: update [mem 0x763dd018-0x7641d857] usable ==> usable
[    0.000000] e820: update [mem 0x7639c018-0x763dc857] usable ==> usable
[    0.000000] e820: update [mem 0x7635b018-0x7639b857] usable ==> usable
[    0.000000] e820: update [mem 0x7631a018-0x7635a857] usable ==> usable
[    0.000000] e820: update [mem 0x76311018-0x76319057] usable ==> usable
[    0.000000] e820: update [mem 0x76306018-0x76310857] usable ==> usable
[    0.000000] e820: update [mem 0x761da018-0x76305257] usable ==> usable
[    0.000000] extended physical RAM map:
[    0.000000] reserve setup_data: [mem 0x0000000000000000-0x000000000009ffff] usable
[    0.000000] reserve setup_data: [mem 0x00000000000f0000-0x00000000000fffff] reserved
[    0.000000] reserve setup_data: [mem 0x0000000000100000-0x000000005f9fbfff] usable
[    0.000000] reserve setup_data: [mem 0x000000005f9fc000-0x000000005fa03fff] reserved
[    0.000000] reserve setup_data: [mem 0x000000005fa04000-0x000000006a13afff] usable
[    0.000000] reserve setup_data: [mem 0x000000006a13b000-0x000000006a13bfff] reserved
[    0.000000] reserve setup_data: [mem 0x000000006a13c000-0x000000006a158fff] usable
[    0.000000] reserve setup_data: [mem 0x000000006a159000-0x000000006a159fff] reserved
[    0.000000] reserve setup_data: [mem 0x000000006a15a000-0x000000006a165fff] usable
[    0.000000] reserve setup_data: [mem 0x000000006a166000-0x000000006a16ffff] reserved
[    0.000000] reserve setup_data: [mem 0x000000006a170000-0x000000006a817fff] usable
[    0.000000] reserve setup_data: [mem 0x000000006a818000-0x000000006a819fff] reserved
[    0.000000] reserve setup_data: [mem 0x000000006a81a000-0x000000006a838fff] usable
[    0.000000] reserve setup_data: [mem 0x000000006a839000-0x000000006a839fff] reserved
[    0.000000] reserve setup_data: [mem 0x000000006a83a000-0x000000006a83afff] usable
[    0.000000] reserve setup_data: [mem 0x000000006a83b000-0x000000006a83bfff] reserved
[    0.000000] reserve setup_data: [mem 0x000000006a83c000-0x000000006bda1fff] usable
[    0.000000] reserve setup_data: [mem 0x000000006bda2000-0x000000006d3cdfff] reserved
[    0.000000] reserve setup_data: [mem 0x000000006d3ce000-0x000000006d3dcfff] usable
[    0.000000] reserve setup_data: [mem 0x000000006d3dd000-0x000000006d3ddfff] reserved
[    0.000000] reserve setup_data: [mem 0x000000006d3de000-0x000000006f83cfff] usable
[    0.000000] reserve setup_data: [mem 0x000000006f83d000-0x000000006f93dfff] reserved
[    0.000000] reserve setup_data: [mem 0x000000006f93e000-0x00000000761da017] usable
[    0.000000] reserve setup_data: [mem 0x00000000761da018-0x0000000076305257] usable
[    0.000000] reserve setup_data: [mem 0x0000000076305258-0x0000000076306017] usable
[    0.000000] reserve setup_data: [mem 0x0000000076306018-0x0000000076310857] usable
[    0.000000] reserve setup_data: [mem 0x0000000076310858-0x0000000076311017] usable
[    0.000000] reserve setup_data: [mem 0x0000000076311018-0x0000000076319057] usable
[    0.000000] reserve setup_data: [mem 0x0000000076319058-0x000000007631a017] usable
[    0.000000] reserve setup_data: [mem 0x000000007631a018-0x000000007635a857] usable
[    0.000000] reserve setup_data: [mem 0x000000007635a858-0x000000007635b017] usable
[    0.000000] reserve setup_data: [mem 0x000000007635b018-0x000000007639b857] usable
[    0.000000] reserve setup_data: [mem 0x000000007639b858-0x000000007639c017] usable
[    0.000000] reserve setup_data: [mem 0x000000007639c018-0x00000000763dc857] usable
[    0.000000] reserve setup_data: [mem 0x00000000763dc858-0x00000000763dd017] usable
[    0.000000] reserve setup_data: [mem 0x00000000763dd018-0x000000007641d857] usable
[    0.000000] reserve setup_data: [mem 0x000000007641d858-0x00000000776c8fff] usable
[    0.000000] reserve setup_data: [mem 0x00000000776c9000-0x00000000776c9fff] reserved
[    0.000000] reserve setup_data: [mem 0x00000000776ca000-0x0000000077d3dfff] usable
[    0.000000] reserve setup_data: [mem 0x0000000077d3e000-0x0000000077d5dfff] ACPI NVS
[    0.000000] reserve setup_data: [mem 0x0000000077d5e000-0x0000000077dbbfff] ACPI data
[    0.000000] reserve setup_data: [mem 0x0000000077dbc000-0x0000000077dfdfff] reserved
[    0.000000] reserve setup_data: [mem 0x0000000077dfe000-0x0000000077dfefff] usable
[    0.000000] reserve setup_data: [mem 0x0000000077dff000-0x000000008fffffff] reserved
[    0.000000] reserve setup_data: [mem 0x00000000aa180000-0x00000000aa18ffff] reserved
[    0.000000] reserve setup_data: [mem 0x00000000c5180000-0x00000000c518ffff] reserved
[    0.000000] reserve setup_data: [mem 0x00000000e0280000-0x00000000e028ffff] reserved
[    0.000000] reserve setup_data: [mem 0x00000000fd180000-0x00000000fd18ffff] reserved
[    0.000000] reserve setup_data: [mem 0x00000000fed80000-0x00000000fed80fff] reserved
[    0.000000] reserve setup_data: [mem 0x0000000100000000-0x000000047f1fffff] usable
[    0.000000] reserve setup_data: [mem 0x000000047f200000-0x00000004903fffff] reserved
[    0.000000] reserve setup_data: [mem 0x00000202a0000000-0x00000202b03fffff] reserved
[    0.000000] reserve setup_data: [mem 0x00000400c0000000-0x00000400d03fffff] reserved
[    0.000000] reserve setup_data: [mem 0x000005fee0000000-0x000005fef03fffff] reserved
[    0.000000] efi: EFI v2.60 by HPE
[    0.000000] efi:  SMBIOS=0x6a83b000  SMBIOS 3.0=0x6a839000  ACPI=0x77dbb000  ACPI 2.0=0x77dbb014 
[    0.000000] efi: mem00: type=7, attr=0xf, range=[0x0000000000000000-0x00000000000a0000) (0MB)
[    0.000000] efi: mem01: type=2, attr=0xf, range=[0x0000000000100000-0x0000000000101000) (0MB)
[    0.000000] efi: mem02: type=7, attr=0xf, range=[0x0000000000101000-0x0000000001000000) (14MB)
[    0.000000] efi: mem03: type=2, attr=0xf, range=[0x0000000001000000-0x0000000003161000) (33MB)
[    0.000000] efi: mem04: type=7, attr=0xf, range=[0x0000000003161000-0x0000000010f00000) (221MB)
[    0.000000] efi: mem05: type=4, attr=0xf, range=[0x0000000010f00000-0x0000000011000000) (1MB)
[    0.000000] efi: mem06: type=7, attr=0xf, range=[0x0000000011000000-0x0000000011700000) (7MB)
[    0.000000] efi: mem07: type=3, attr=0xf, range=[0x0000000011700000-0x0000000011701000) (0MB)
[    0.000000] efi: mem08: type=4, attr=0xf, range=[0x0000000011701000-0x0000000017460000) (93MB)
[    0.000000] efi: mem09: type=7, attr=0xf, range=[0x0000000017460000-0x000000003e41f000) (623MB)
[    0.000000] efi: mem10: type=2, attr=0xf, range=[0x000000003e41f000-0x0000000040000000) (27MB)
[    0.000000] efi: mem11: type=7, attr=0xf, range=[0x0000000040000000-0x0000000046f8f000) (111MB)
[    0.000000] efi: mem12: type=2, attr=0xf, range=[0x0000000046f8f000-0x000000005ea91000) (379MB)
[    0.000000] efi: mem13: type=4, attr=0xf, range=[0x000000005ea91000-0x000000005f714000) (12MB)
[    0.000000] efi: mem14: type=7, attr=0xf, range=[0x000000005f714000-0x000000005f86b000) (1MB)
[    0.000000] efi: mem15: type=4, attr=0xf, range=[0x000000005f86b000-0x000000005f89c000) (0MB)
[    0.000000] efi: mem16: type=7, attr=0xf, range=[0x000000005f89c000-0x000000005f906000) (0MB)
[    0.000000] efi: mem17: type=4, attr=0xf, range=[0x000000005f906000-0x000000005f9a7000) (0MB)
[    0.000000] efi: mem18: type=7, attr=0xf, range=[0x000000005f9a7000-0x000000005f9ad000) (0MB)
[    0.000000] efi: mem19: type=4, attr=0xf, range=[0x000000005f9ad000-0x000000005f9bb000) (0MB)
[    0.000000] efi: mem20: type=7, attr=0xf, range=[0x000000005f9bb000-0x000000005f9bc000) (0MB)
[    0.000000] efi: mem21: type=4, attr=0xf, range=[0x000000005f9bc000-0x000000005f9f7000) (0MB)
[    0.000000] efi: mem22: type=7, attr=0xf, range=[0x000000005f9f7000-0x000000005f9fc000) (0MB)
[    0.000000] efi: mem23: type=6, attr=0x800000000000000f, range=[0x000000005f9fc000-0x000000005fa04000) (0MB)
[    0.000000] efi: mem24: type=4, attr=0xf, range=[0x000000005fa04000-0x00000000600bf000) (6MB)
[    0.000000] efi: mem25: type=7, attr=0xf, range=[0x00000000600bf000-0x00000000600c1000) (0MB)
[    0.000000] efi: mem26: type=4, attr=0xf, range=[0x00000000600c1000-0x000000006a124000) (160MB)
[    0.000000] efi: mem27: type=7, attr=0xf, range=[0x000000006a124000-0x000000006a128000) (0MB)
[    0.000000] efi: mem28: type=4, attr=0xf, range=[0x000000006a128000-0x000000006a13b000) (0MB)
[    0.000000] efi: mem29: type=6, attr=0x800000000000000f, range=[0x000000006a13b000-0x000000006a13c000) (0MB)
[    0.000000] efi: mem30: type=4, attr=0xf, range=[0x000000006a13c000-0x000000006a159000) (0MB)
[    0.000000] efi: mem31: type=6, attr=0x800000000000000f, range=[0x000000006a159000-0x000000006a15a000) (0MB)
[    0.000000] efi: mem32: type=4, attr=0xf, range=[0x000000006a15a000-0x000000006a166000) (0MB)
[    0.000000] efi: mem33: type=6, attr=0x800000000000000f, range=[0x000000006a166000-0x000000006a170000) (0MB)
[    0.000000] efi: mem34: type=4, attr=0xf, range=[0x000000006a170000-0x000000006a818000) (6MB)
[    0.000000] efi: mem35: type=6, attr=0x800000000000000f, range=[0x000000006a818000-0x000000006a81a000) (0MB)
[    0.000000] efi: mem36: type=4, attr=0xf, range=[0x000000006a81a000-0x000000006a839000) (0MB)
[    0.000000] efi: mem37: type=6, attr=0x800000000000000f, range=[0x000000006a839000-0x000000006a83a000) (0MB)
[    0.000000] efi: mem38: type=4, attr=0xf, range=[0x000000006a83a000-0x000000006a83b000) (0MB)
[    0.000000] efi: mem39: type=6, attr=0x800000000000000f, range=[0x000000006a83b000-0x000000006a83c000) (0MB)
[    0.000000] efi: mem40: type=4, attr=0xf, range=[0x000000006a83c000-0x000000006bda2000) (21MB)
[    0.000000] efi: mem41: type=6, attr=0x800000000000000f, range=[0x000000006bda2000-0x000000006d3ce000) (22MB)
[    0.000000] efi: mem42: type=4, attr=0xf, range=[0x000000006d3ce000-0x000000006d3dd000) (0MB)
[    0.000000] efi: mem43: type=6, attr=0x800000000000000f, range=[0x000000006d3dd000-0x000000006d3de000) (0MB)
[    0.000000] efi: mem44: type=4, attr=0xf, range=[0x000000006d3de000-0x000000006f83d000) (36MB)
[    0.000000] efi: mem45: type=6, attr=0x800000000000000f, range=[0x000000006f83d000-0x000000006f83e000) (0MB)
[    0.000000] efi: mem46: type=5, attr=0x800000000000000f, range=[0x000000006f83e000-0x000000006f93e000) (1MB)
[    0.000000] efi: mem47: type=7, attr=0xf, range=[0x000000006f93e000-0x000000006ff93000) (6MB)
[    0.000000] efi: mem48: type=3, attr=0xf, range=[0x000000006ff93000-0x000000007213e000) (33MB)
[    0.000000] efi: mem49: type=7, attr=0xf, range=[0x000000007213e000-0x00000000761da000) (64MB)
[    0.000000] efi: mem50: type=2, attr=0xf, range=[0x00000000761da000-0x000000007653e000) (3MB)
[    0.000000] efi: mem51: type=7, attr=0xf, range=[0x000000007653e000-0x00000000776c9000) (17MB)
[    0.000000] efi: mem52: type=0, attr=0xf, range=[0x00000000776c9000-0x00000000776ca000) (0MB)
[    0.000000] efi: mem53: type=7, attr=0xf, range=[0x00000000776ca000-0x0000000077b12000) (4MB)
[    0.000000] efi: mem54: type=1, attr=0xf, range=[0x0000000077b12000-0x0000000077d3e000) (2MB)
[    0.000000] efi: mem55: type=10, attr=0xf, range=[0x0000000077d3e000-0x0000000077d5e000) (0MB)
[    0.000000] efi: mem56: type=9, attr=0xf, range=[0x0000000077d5e000-0x0000000077dbc000) (0MB)
[    0.000000] efi: mem57: type=0, attr=0xf, range=[0x0000000077dbc000-0x0000000077dfe000) (0MB)
[    0.000000] efi: mem58: type=4, attr=0xf, range=[0x0000000077dfe000-0x0000000077dff000) (0MB)
[    0.000000] efi: mem59: type=6, attr=0x800000000000000f, range=[0x0000000077dff000-0x0000000077f00000) (1MB)
[    0.000000] efi: mem60: type=7, attr=0xf, range=[0x0000000100000000-0x000000047f200000) (14322MB)
[    0.000000] efi: mem61: type=0, attr=0xf, range=[0x00000000000f0000-0x0000000000100000) (0MB)
[    0.000000] efi: mem62: type=0, attr=0xf, range=[0x0000000077f00000-0x0000000080000000) (129MB)
[    0.000000] efi: mem63: type=11, attr=0x8000000000000001, range=[0x0000000080000000-0x0000000090000000) (256MB)
[    0.000000] efi: mem64: type=11, attr=0x8000000000000001, range=[0x00000000aa180000-0x00000000aa190000) (0MB)
[    0.000000] efi: mem65: type=11, attr=0x8000000000000001, range=[0x00000000c5180000-0x00000000c5190000) (0MB)
[    0.000000] efi: mem66: type=11, attr=0x8000000000000001, range=[0x00000000e0280000-0x00000000e0290000) (0MB)
[    0.000000] efi: mem67: type=11, attr=0x8000000000000001, range=[0x00000000fd180000-0x00000000fd190000) (0MB)
[    0.000000] efi: mem68: type=11, attr=0x8000000000000001, range=[0x00000000fed80000-0x00000000fed81000) (0MB)
[    0.000000] efi: mem69: type=0, attr=0xf, range=[0x000000047f200000-0x0000000480000000) (14MB)
[    0.000000] efi: mem70: type=11, attr=0x8000000000000001, range=[0x0000000480000000-0x0000000490400000) (260MB)
[    0.000000] efi: mem71: type=11, attr=0x8000000000000001, range=[0x00000202a0000000-0x00000202b0400000) (260MB)
[    0.000000] efi: mem72: type=11, attr=0x8000000000000001, range=[0x00000400c0000000-0x00000400d0400000) (260MB)
[    0.000000] efi: mem73: type=11, attr=0x8000000000000001, range=[0x000005fee0000000-0x000005fef0400000) (260MB)
[    0.000000] SMBIOS 3.2.1 present.
[    0.000000] DMI: HPE ProLiant DL385 Gen10/ProLiant DL385 Gen10, BIOS A40 03/09/2020
[    0.000000] e820: update [mem 0x00000000-0x00000fff] usable ==> reserved
[    0.000000] e820: remove [mem 0x000a0000-0x000fffff] usable
[    0.000000] e820: last_pfn = 0x47f200 max_arch_pfn = 0x400000000
[    0.000000] MTRR default type: uncachable
[    0.000000] MTRR fixed ranges enabled:
[    0.000000]   00000-9FFFF write-back
[    0.000000]   A0000-FFFFF uncachable
[    0.000000] MTRR variable ranges enabled:
[    0.000000]   0 base 000000000000 mask FFFF80000000 write-back
[    0.000000]   1 base 0000C8000000 mask FFFFFC000000 write-protect
[    0.000000]   2 base 000078000000 mask FFFFF8000000 uncachable
[    0.000000]   3 disabled
[    0.000000]   4 disabled
[    0.000000]   5 disabled
[    0.000000]   6 disabled
[    0.000000]   7 disabled
[    0.000000] TOM2: 0000000480000000 aka 18432M
[    0.000000] PAT configuration [0-7]: WB  WC  UC- UC  WB  WP  UC- UC  
[    0.000000] e820: last_pfn = 0x77dff max_arch_pfn = 0x400000000
[    0.000000] Base memory trampoline at [ffff97b880099000] 99000 size 24576
[    0.000000] Using GB pages for direct mapping
[    0.000000] BRK [0x3be073000, 0x3be073fff] PGTABLE
[    0.000000] BRK [0x3be074000, 0x3be074fff] PGTABLE
[    0.000000] BRK [0x3be075000, 0x3be075fff] PGTABLE
[    0.000000] BRK [0x3be076000, 0x3be076fff] PGTABLE
[    0.000000] BRK [0x3be077000, 0x3be077fff] PGTABLE
[    0.000000] BRK [0x3be078000, 0x3be078fff] PGTABLE
[    0.000000] BRK [0x3be079000, 0x3be079fff] PGTABLE
[    0.000000] BRK [0x3be07a000, 0x3be07afff] PGTABLE
[    0.000000] BRK [0x3be07b000, 0x3be07bfff] PGTABLE
[    0.000000] BRK [0x3be07c000, 0x3be07cfff] PGTABLE
[    0.000000] BRK [0x3be07d000, 0x3be07dfff] PGTABLE
[    0.000000] BRK [0x3be07e000, 0x3be07efff] PGTABLE
[    0.000000] RAMDISK: [mem 0x3e41f000-0x3fffdfff]
[    0.000000] Early table checksum verification disabled
[    0.000000] ACPI: RSDP 0000000077dbb014 00024 (v02 HPE   )
[    0.000000] ACPI: XSDT 0000000077da2188 000F4 (v01 HPE    Server   00000001      01000013)
[    0.000000] ACPI: FACP 0000000077daa000 0010C (v06 HPE    Server   00000001 1590 00000001)
[    0.000000] ACPI: DSDT 0000000077d9f000 018EF (v02 HPE    Server   00000002 HPE  00020000)
[    0.000000] ACPI: FACS 0000000077d55000 00040
[    0.000000] ACPI: UEFI 0000000077d5a000 00042 (v01 HPE    Server   00000002      01000013)
[    0.000000] ACPI: IVRS 0000000077db9000 001F0 (v02 HPE    Server   00000001 AMD  00000000)
[    0.000000] ACPI: SSDT 0000000077db6000 02364 (v01 HPE    AmdTable 00000001 AMD  00000001)
[    0.000000] ACPI: SRAT 0000000077db5000 001A8 (v03 HPE    Server   00000001 AMD  00000001)
[    0.000000] ACPI: SLIT 0000000077db4000 0002D (v01 HPE    Server   00000001 AMD  00000001)
[    0.000000] ACPI: CRAT 0000000077db2000 010D0 (v01 HPE    Server   00000001 AMD  00000001)
[    0.000000] ACPI: CDIT 0000000077db1000 00029 (v01 HPE    Server   00000001 AMD  00000001)
[    0.000000] ACPI: HEST 0000000077db0000 000E8 (v01 HPE    Server   00000001 1590 00000001)
[    0.000000] ACPI: BERT 0000000077daf000 00030 (v01 HPE    Server   00000001 1590 00000001)
[    0.000000] ACPI: ERST 0000000077dae000 00250 (v01 HPE    Server   00000001 1590 00000001)
[    0.000000] ACPI: EINJ 0000000077dad000 00150 (v01 HPE    Server   00000001 1590 00000001)
[    0.000000] ACPI: FPDT 0000000077dac000 00034 (v01 HPE    Server   00000002      01000013)
[    0.000000] ACPI: BGRT 0000000077dab000 00038 (v01 HPE    Server   00000002 1590 01000013)
[    0.000000] ACPI: HPET 0000000077da9000 00038 (v01 HPE    Server   00000001 1590 00000001)
[    0.000000] ACPI: APIC 0000000077da8000 0015C (v03 HPE    Server   00000001 1590 00000001)
[    0.000000] ACPI: MCFG 0000000077da7000 0003C (v01 HPE    Server   00000001 1590 00000001)
[    0.000000] ACPI: SPMI 0000000077da6000 00041 (v05 HPE    Server   00000001 1590 00000001)
[    0.000000] ACPI: RASF 0000000077da5000 00030 (v01 HPE    Server   00000001 1590 00000001)
[    0.000000] ACPI: SPCR 0000000077da4000 00050 (v02 HPE    Server   00000001 1590 00000001)
[    0.000000] ACPI: MSCT 0000000077da3000 0004E (v02 HPE    Server   00000001 1590 00000001)
[    0.000000] ACPI: WSMT 0000000077dba000 00028 (v01 HPE    Server   00000001 1590 00000001)
[    0.000000] ACPI: PCCT 0000000077da1000 00030 (v01 HPE    Server   00000001 1590 00000001)
[    0.000000] ACPI: SSDT 0000000077d9c000 02E60 (v02 HPE    PCISSDT  00000002 HPE  00020000)
[    0.000000] ACPI: SSDT 0000000077d9b000 001C4 (v02 HPE    TIMESSDT 00000002 HPE  00020000)
[    0.000000] ACPI: SSDT 0000000077d9a000 002F2 (v01 HPE        pmab 00000001 INTL 20140828)
[    0.000000] ACPI: Local APIC address 0xfee00000
[    0.000000] SRAT: PXM 0 -> APIC 0x00 -> Node 0
[    0.000000] SRAT: PXM 0 -> APIC 0x01 -> Node 0
[    0.000000] SRAT: PXM 0 -> APIC 0x08 -> Node 0
[    0.000000] SRAT: PXM 0 -> APIC 0x09 -> Node 0
[    0.000000] SRAT: PXM 0 -> APIC 0x10 -> Node 0
[    0.000000] SRAT: PXM 0 -> APIC 0x11 -> Node 0
[    0.000000] SRAT: PXM 0 -> APIC 0x18 -> Node 0
[    0.000000] SRAT: PXM 0 -> APIC 0x19 -> Node 0
[    0.000000] SRAT: PXM 0 -> APIC 0x20 -> Node 0
[    0.000000] SRAT: PXM 0 -> APIC 0x21 -> Node 0
[    0.000000] SRAT: PXM 0 -> APIC 0x28 -> Node 0
[    0.000000] SRAT: PXM 0 -> APIC 0x29 -> Node 0
[    0.000000] SRAT: PXM 0 -> APIC 0x30 -> Node 0
[    0.000000] SRAT: PXM 0 -> APIC 0x31 -> Node 0
[    0.000000] SRAT: PXM 0 -> APIC 0x38 -> Node 0
[    0.000000] SRAT: PXM 0 -> APIC 0x39 -> Node 0
[    0.000000] SRAT: Node 0 PXM 0 [mem 0x00000000-0x0009ffff]
[    0.000000] SRAT: Node 0 PXM 0 [mem 0x000c0000-0x7fffffff]
[    0.000000] SRAT: Node 0 PXM 0 [mem 0x100000000-0x47fffffff]
[    0.000000] NUMA: Initialized distance table, cnt=1
[    0.000000] NUMA: Node 0 [mem 0x00000000-0x0009ffff] + [mem 0x000c0000-0x7fffffff] -> [mem 0x00000000-0x7fffffff]
[    0.000000] NUMA: Node 0 [mem 0x00000000-0x7fffffff] + [mem 0x100000000-0x47f1fffff] -> [mem 0x00000000-0x47f1fffff]
[    0.000000] NODE_DATA(0) allocated [mem 0x47f1d5000-0x47f1fbfff]
[    0.000000] Reserving 161MB of memory at 720MB for crashkernel (System RAM: 16215MB)
[    0.000000] Zone ranges:
[    0.000000]   DMA      [mem 0x00001000-0x00ffffff]
[    0.000000]   DMA32    [mem 0x01000000-0xffffffff]
[    0.000000]   Normal   [mem 0x100000000-0x47f1fffff]
[    0.000000] Movable zone start for each node
[    0.000000] Early memory node ranges
[    0.000000]   node   0: [mem 0x00001000-0x0009ffff]
[    0.000000]   node   0: [mem 0x00100000-0x5f9fbfff]
[    0.000000]   node   0: [mem 0x5fa04000-0x6a13afff]
[    0.000000]   node   0: [mem 0x6a13c000-0x6a158fff]
[    0.000000]   node   0: [mem 0x6a15a000-0x6a165fff]
[    0.000000]   node   0: [mem 0x6a170000-0x6a817fff]
[    0.000000]   node   0: [mem 0x6a81a000-0x6a838fff]
[    0.000000]   node   0: [mem 0x6a83a000-0x6a83afff]
[    0.000000]   node   0: [mem 0x6a83c000-0x6bda1fff]
[    0.000000]   node   0: [mem 0x6d3ce000-0x6d3dcfff]
[    0.000000]   node   0: [mem 0x6d3de000-0x6f83cfff]
[    0.000000]   node   0: [mem 0x6f93e000-0x776c8fff]
[    0.000000]   node   0: [mem 0x776ca000-0x77d3dfff]
[    0.000000]   node   0: [mem 0x77dfe000-0x77dfefff]
[    0.000000]   node   0: [mem 0x100000000-0x47f1fffff]
[    0.000000] Initmem setup node 0 [mem 0x00001000-0x47f1fffff]
[    0.000000] On node 0 totalpages: 4151191
[    0.000000]   DMA zone: 64 pages used for memmap
[    0.000000]   DMA zone: 22 pages reserved
[    0.000000]   DMA zone: 3999 pages, LIFO batch:0
[    0.000000]   DMA32 zone: 7512 pages used for memmap
[    0.000000]   DMA32 zone: 480760 pages, LIFO batch:31
[    0.000000]   Normal zone: 57288 pages used for memmap
[    0.000000]   Normal zone: 3666432 pages, LIFO batch:31
[    0.000000] ACPI: PM-Timer IO Port: 0x408
[    0.000000] ACPI: Local APIC address 0xfee00000
[    0.000000] ACPI: LAPIC (acpi_id[0x00] lapic_id[0x00] enabled)
[    0.000000] ACPI: LAPIC (acpi_id[0x08] lapic_id[0x08] enabled)
[    0.000000] ACPI: LAPIC (acpi_id[0x10] lapic_id[0x10] enabled)
[    0.000000] ACPI: LAPIC (acpi_id[0x18] lapic_id[0x18] enabled)
[    0.000000] ACPI: LAPIC (acpi_id[0x20] lapic_id[0x20] enabled)
[    0.000000] ACPI: LAPIC (acpi_id[0x28] lapic_id[0x28] enabled)
[    0.000000] ACPI: LAPIC (acpi_id[0x30] lapic_id[0x30] enabled)
[    0.000000] ACPI: LAPIC (acpi_id[0x38] lapic_id[0x38] enabled)
[    0.000000] ACPI: LAPIC (acpi_id[0x01] lapic_id[0x01] enabled)
[    0.000000] ACPI: LAPIC (acpi_id[0x09] lapic_id[0x09] enabled)
[    0.000000] ACPI: LAPIC (acpi_id[0x11] lapic_id[0x11] enabled)
[    0.000000] ACPI: LAPIC (acpi_id[0x19] lapic_id[0x19] enabled)
[    0.000000] ACPI: LAPIC (acpi_id[0x21] lapic_id[0x21] enabled)
[    0.000000] ACPI: LAPIC (acpi_id[0x29] lapic_id[0x29] enabled)
[    0.000000] ACPI: LAPIC (acpi_id[0x31] lapic_id[0x31] enabled)
[    0.000000] ACPI: LAPIC (acpi_id[0x39] lapic_id[0x39] enabled)
[    0.000000] ACPI: LAPIC_NMI (acpi_id[0x00] high level lint[0x1])
[    0.000000] ACPI: LAPIC_NMI (acpi_id[0x01] high level lint[0x1])
[    0.000000] ACPI: LAPIC_NMI (acpi_id[0x08] high level lint[0x1])
[    0.000000] ACPI: LAPIC_NMI (acpi_id[0x09] high level lint[0x1])
[    0.000000] ACPI: LAPIC_NMI (acpi_id[0x10] high level lint[0x1])
[    0.000000] ACPI: LAPIC_NMI (acpi_id[0x11] high level lint[0x1])
[    0.000000] ACPI: LAPIC_NMI (acpi_id[0x18] high level lint[0x1])
[    0.000000] ACPI: LAPIC_NMI (acpi_id[0x19] high level lint[0x1])
[    0.000000] ACPI: LAPIC_NMI (acpi_id[0x20] high level lint[0x1])
[    0.000000] ACPI: LAPIC_NMI (acpi_id[0x21] high level lint[0x1])
[    0.000000] ACPI: LAPIC_NMI (acpi_id[0x28] high level lint[0x1])
[    0.000000] ACPI: LAPIC_NMI (acpi_id[0x29] high level lint[0x1])
[    0.000000] ACPI: LAPIC_NMI (acpi_id[0x30] high level lint[0x1])
[    0.000000] ACPI: LAPIC_NMI (acpi_id[0x31] high level lint[0x1])
[    0.000000] ACPI: LAPIC_NMI (acpi_id[0x38] high level lint[0x1])
[    0.000000] ACPI: LAPIC_NMI (acpi_id[0x39] high level lint[0x1])
[    0.000000] ACPI: IOAPIC (id[0x80] address[0xfec00000] gsi_base[0])
[    0.000000] IOAPIC[0]: apic_id 128, version 33, address 0xfec00000, GSI 0-23
[    0.000000] ACPI: IOAPIC (id[0x81] address[0xe0280000] gsi_base[24])
[    0.000000] IOAPIC[1]: apic_id 129, version 33, address 0xe0280000, GSI 24-55
[    0.000000] ACPI: IOAPIC (id[0x82] address[0xc5180000] gsi_base[56])
[    0.000000] IOAPIC[2]: apic_id 130, version 33, address 0xc5180000, GSI 56-87
[    0.000000] ACPI: IOAPIC (id[0x83] address[0xaa180000] gsi_base[88])
[    0.000000] IOAPIC[3]: apic_id 131, version 33, address 0xaa180000, GSI 88-119
[    0.000000] ACPI: IOAPIC (id[0x84] address[0xfd180000] gsi_base[120])
[    0.000000] IOAPIC[4]: apic_id 132, version 33, address 0xfd180000, GSI 120-151
[    0.000000] ACPI: INT_SRC_OVR (bus 0 bus_irq 0 global_irq 2 dfl dfl)
[    0.000000] ACPI: INT_SRC_OVR (bus 0 bus_irq 9 global_irq 9 low level)
[    0.000000] ACPI: IRQ0 used by override.
[    0.000000] ACPI: IRQ9 used by override.
[    0.000000] Using ACPI (MADT) for SMP configuration information
[    0.000000] ACPI: HPET id: 0x10228201 base: 0xfed00000
[    0.000000] smpboot: Allowing 16 CPUs, 0 hotplug CPUs
[    0.000000] PM: Registered nosave memory: [mem 0x000a0000-0x000effff]
[    0.000000] PM: Registered nosave memory: [mem 0x000f0000-0x000fffff]
[    0.000000] PM: Registered nosave memory: [mem 0x5f9fc000-0x5fa03fff]
[    0.000000] PM: Registered nosave memory: [mem 0x6a13b000-0x6a13bfff]
[    0.000000] PM: Registered nosave memory: [mem 0x6a159000-0x6a159fff]
[    0.000000] PM: Registered nosave memory: [mem 0x6a166000-0x6a16ffff]
[    0.000000] PM: Registered nosave memory: [mem 0x6a818000-0x6a819fff]
[    0.000000] PM: Registered nosave memory: [mem 0x6a839000-0x6a839fff]
[    0.000000] PM: Registered nosave memory: [mem 0x6a83b000-0x6a83bfff]
[    0.000000] PM: Registered nosave memory: [mem 0x6bda2000-0x6d3cdfff]
[    0.000000] PM: Registered nosave memory: [mem 0x6d3dd000-0x6d3ddfff]
[    0.000000] PM: Registered nosave memory: [mem 0x6f83d000-0x6f93dfff]
[    0.000000] PM: Registered nosave memory: [mem 0x761da000-0x761dafff]
[    0.000000] PM: Registered nosave memory: [mem 0x76305000-0x76305fff]
[    0.000000] PM: Registered nosave memory: [mem 0x76306000-0x76306fff]
[    0.000000] PM: Registered nosave memory: [mem 0x76310000-0x76310fff]
[    0.000000] PM: Registered nosave memory: [mem 0x76311000-0x76311fff]
[    0.000000] PM: Registered nosave memory: [mem 0x76319000-0x76319fff]
[    0.000000] PM: Registered nosave memory: [mem 0x7631a000-0x7631afff]
[    0.000000] PM: Registered nosave memory: [mem 0x7635a000-0x7635afff]
[    0.000000] PM: Registered nosave memory: [mem 0x7635b000-0x7635bfff]
[    0.000000] PM: Registered nosave memory: [mem 0x7639b000-0x7639bfff]
[    0.000000] PM: Registered nosave memory: [mem 0x7639c000-0x7639cfff]
[    0.000000] PM: Registered nosave memory: [mem 0x763dc000-0x763dcfff]
[    0.000000] PM: Registered nosave memory: [mem 0x763dd000-0x763ddfff]
[    0.000000] PM: Registered nosave memory: [mem 0x7641d000-0x7641dfff]
[    0.000000] PM: Registered nosave memory: [mem 0x776c9000-0x776c9fff]
[    0.000000] PM: Registered nosave memory: [mem 0x77d3e000-0x77d5dfff]
[    0.000000] PM: Registered nosave memory: [mem 0x77d5e000-0x77dbbfff]
[    0.000000] PM: Registered nosave memory: [mem 0x77dbc000-0x77dfdfff]
[    0.000000] PM: Registered nosave memory: [mem 0x77dff000-0x8fffffff]
[    0.000000] PM: Registered nosave memory: [mem 0x90000000-0xaa17ffff]
[    0.000000] PM: Registered nosave memory: [mem 0xaa180000-0xaa18ffff]
[    0.000000] PM: Registered nosave memory: [mem 0xaa190000-0xc517ffff]
[    0.000000] PM: Registered nosave memory: [mem 0xc5180000-0xc518ffff]
[    0.000000] PM: Registered nosave memory: [mem 0xc5190000-0xe027ffff]
[    0.000000] PM: Registered nosave memory: [mem 0xe0280000-0xe028ffff]
[    0.000000] PM: Registered nosave memory: [mem 0xe0290000-0xfd17ffff]
[    0.000000] PM: Registered nosave memory: [mem 0xfd180000-0xfd18ffff]
[    0.000000] PM: Registered nosave memory: [mem 0xfd190000-0xfed7ffff]
[    0.000000] PM: Registered nosave memory: [mem 0xfed80000-0xfed80fff]
[    0.000000] PM: Registered nosave memory: [mem 0xfed81000-0xffffffff]
[    0.000000] e820: [mem 0xe0290000-0xfd17ffff] available for PCI devices
[    0.000000] Booting paravirtualized kernel on bare hardware
[    0.000000] setup_percpu: NR_CPUS:5120 nr_cpumask_bits:16 nr_cpu_ids:16 nr_node_ids:1
[    0.000000] percpu: Embedded 38 pages/cpu s118784 r8192 d28672 u262144
[    0.000000] pcpu-alloc: s118784 r8192 d28672 u262144 alloc=1*2097152
[    0.000000] pcpu-alloc: [0] 00 01 02 03 04 05 06 07 [0] 08 09 10 11 12 13 14 15 
[    0.000000] Built 1 zonelists in Zone order, mobility grouping on.  Total pages: 4086305
[    0.000000] Policy zone: Normal
[    0.000000] Kernel command line: BOOT_IMAGE=/vmlinuz-3.10.0-1127.el7.x86_64 root=UUID=343fbbb3-882f-46c5-8d1f-dcaeb5a3d2af ro crashkernel=auto rhgb quiet LANG=en_US.UTF-8
[    0.000000] PID hash table entries: 4096 (order: 3, 32768 bytes)
[    0.000000] x86/fpu: xstate_offset[2]: 0240, xstate_sizes[2]: 0100
[    0.000000] xsave: enabled xstate_bv 0x7, cntxt size 0x340 using standard form
[    0.000000] Memory: 3392212k/18860032k available (7784k kernel code, 2255268k absent, 926368k reserved, 5957k data, 1980k init)
[    0.000000] SLUB: HWalign=64, Order=0-3, MinObjects=0, CPUs=16, Nodes=1
[    0.000000] Hierarchical RCU implementation.
[    0.000000] 	RCU restricting CPUs from NR_CPUS=5120 to nr_cpu_ids=16.
[    0.000000] NR_IRQS:327936 nr_irqs:2728 0
[    0.000000] Console: colour dummy device 80x25
[    0.000000] console [tty0] enabled
[    0.000000] allocated 66584576 bytes of page_cgroup
[    0.000000] please try 'cgroup_disable=memory' option if you don't want memory cgroups
[    0.000000] hpet clockevent registered
[    0.000000] tsc: Fast TSC calibration using PIT
[    0.000000] tsc: Detected 3194.014 MHz processor
[    0.000026] Calibrating delay loop (skipped), value calculated using timer frequency.. 6388.02 BogoMIPS (lpj=3194014)
[    0.000029] pid_max: default: 32768 minimum: 301
[    0.000571] Security Framework initialized
[    0.000586] SELinux:  Initializing.
[    0.000595] SELinux:  Starting in permissive mode
[    0.000595] Yama: becoming mindful.
[    0.001464] Dentry cache hash table entries: 2097152 (order: 12, 16777216 bytes)
[    0.004576] Inode-cache hash table entries: 1048576 (order: 11, 8388608 bytes)
[    0.005762] Mount-cache hash table entries: 32768 (order: 6, 262144 bytes)
[    0.005775] Mountpoint-cache hash table entries: 32768 (order: 6, 262144 bytes)
[    0.005999] Initializing cgroup subsys memory
[    0.006005] Initializing cgroup subsys devices
[    0.006007] Initializing cgroup subsys freezer
[    0.006008] Initializing cgroup subsys net_cls
[    0.006009] Initializing cgroup subsys blkio
[    0.006011] Initializing cgroup subsys perf_event
[    0.006012] Initializing cgroup subsys hugetlb
[    0.006013] Initializing cgroup subsys pids
[    0.006014] Initializing cgroup subsys net_prio
[    0.006039] tseg: 0078000000
[    0.006041] x86/cpu: User Mode Instruction Prevention (UMIP) activated
[    0.015150] LVT offset 2 assigned for vector 0xf4
[    0.015170] Last level iTLB entries: 4KB 1024, 2MB 1024, 4MB 512
[    0.015171] Last level dTLB entries: 4KB 2048, 2MB 2048, 4MB 1024
[    0.015171] tlb_flushall_shift: 6
[    0.015190] FEATURE SPEC_CTRL Present
[    0.015190] FEATURE IBPB_SUPPORT Present
[    0.015191] Spectre V1 : Mitigation: Load fences, usercopy/swapgs barriers and __user pointer sanitization
[    0.015193] Spectre V2 : Enabling Indirect Branch Prediction Barrier
[    0.015248] Spectre V2 : Mitigation: Full retpoline
[    0.015256] Speculative Store Bypass: Mitigation: Speculative Store Bypass disabled via prctl and seccomp
[    0.016256] Freeing SMP alternatives: 28k freed
[    0.017814] ACPI: Core revision 20130517
[    0.019181] ACPI: All ACPI Tables successfully acquired
[    0.027448] ftrace: allocating 29618 entries in 116 pages
[    1.335922] Switched APIC routing to physical flat.
[    1.337577] ..TIMER: vector=0x30 apic1=0 pin1=2 apic2=-1 pin2=-1
[    1.347579] smpboot: CPU0: AMD EPYC 7262 8-Core Processor (fam: 17, model: 31, stepping: 00)
[    1.448816] Performance Events: Fam17h core perfctr, AMD PMU driver.
[    1.448820] ... version:                0
[    1.448821] ... bit width:              48
[    1.448822] ... generic registers:      6
[    1.448823] ... value mask:             0000ffffffffffff
[    1.448823] ... max period:             00007fffffffffff
[    1.448824] ... fixed-purpose events:   0
[    1.448825] ... event mask:             000000000000003f
[    1.450098] NMI watchdog: enabled on all CPUs, permanently consumes one hw-PMU counter.
[    1.450151] smpboot: Booting Node   0, Processors  #1 #2 #3 #4 #5 #6 #7 #8 #9 #10 #11 #12 #13 #14 #15 OK
[    1.638011] Brought up 16 CPUs
[    1.638013] smpboot: Max logical packages: 1
[    1.638016] smpboot: Total of 16 processors activated (102208.44 BogoMIPS)
[    1.728283] node 0 initialised, 3071544 pages in 88ms
[    1.728601] devtmpfs: initialized
[    1.728658] x86/mm: Memory block size: 128MB
[    1.731486] EVM: security.selinux
[    1.731487] EVM: security.ima
[    1.731488] EVM: security.capability
[    1.731547] PM: Registering ACPI NVS region [mem 0x77d3e000-0x77d5dfff] (131072 bytes)
[    1.732392] atomic64 test passed for x86-64 platform with CX8 and with SSE
[    1.732393] pinctrl core: initialized pinctrl subsystem
[    1.732436] RTC time:  4:26:44, date: 04/24/20
[    1.732525] NET: Registered protocol family 16
[    1.732907] ACPI FADT declares the system doesn't support PCIe ASPM, so disable it
[    1.732909] ACPI: bus type PCI registered
[    1.732910] acpiphp: ACPI Hot Plug PCI Controller Driver version: 0.5
[    1.732964] PCI: MMCONFIG for domain 0000 [bus 00-ff] at [mem 0x80000000-0x8fffffff] (base 0x80000000)
[    1.732966] PCI: MMCONFIG at [mem 0x80000000-0x8fffffff] reserved in E820
[    1.732973] PCI: Using configuration type 1 for base access
[    1.737219] ACPI: Added _OSI(Module Device)
[    1.737220] ACPI: Added _OSI(Processor Device)
[    1.737221] ACPI: Added _OSI(3.0 _SCP Extensions)
[    1.737222] ACPI: Added _OSI(Processor Aggregator Device)
[    1.737223] ACPI: Added _OSI(Linux-Dell-Video)
[    1.737566] ACPI: EC: Look up EC in DSDT
[    1.739961] ACPI: Interpreter enabled
[    1.739977] ACPI: (supports S0 S5)
[    1.739979] ACPI: Using IOAPIC for interrupt routing
[    1.740349] HEST: Table parsing has been initialized.
[    1.740353] PCI: Using host bridge windows from ACPI; if necessary, use "pci=nocrs" and report a bug
[    1.740389] ACPI: Enabled 2 GPEs in block 00 to 1F
[    1.744152] ACPI: PCI Root Bridge [PC00] (domain 0000 [bus c0-ff])
[    1.744163] acpi PNP0A08:00: _OSC: OS supports [ExtendedConfig ASPM ClockPM Segments MSI]
[    1.744276] acpi PNP0A08:00: _OSC: platform does not support [SHPCHotplug AER]
[    1.744367] acpi PNP0A08:00: _OSC: OS now controls [PCIeHotplug PME PCIeCapability]
[    1.744370] acpi PNP0A08:00: FADT indicates ASPM is unsupported, using BIOS configuration
[    1.744456] PCI host bridge to bus 0000:c0
[    1.744460] pci_bus 0000:c0: root bus resource [io  0x03b0-0x03bb window]
[    1.744462] pci_bus 0000:c0: root bus resource [io  0x03c0-0x03df window]
[    1.744465] pci_bus 0000:c0: root bus resource [mem 0x000a0000-0x000bffff window]
[    1.744467] pci_bus 0000:c0: root bus resource [io  0xa000-0xffff window]
[    1.744470] pci_bus 0000:c0: root bus resource [mem 0xc6000000-0xdfffffff window]
[    1.744472] pci_bus 0000:c0: root bus resource [mem 0x4a0200000-0x2029fffffff window]
[    1.744475] pci_bus 0000:c0: root bus resource [bus c0-ff]
[    1.744485] pci 0000:c0:00.0: [1022:1480] type 00 class 0x060000
[    1.744589] pci 0000:c0:00.2: [1022:1481] type 00 class 0x080600
[    1.744701] pci 0000:c0:01.0: [1022:1482] type 00 class 0x060000
[    1.744779] pci 0000:c0:02.0: [1022:1482] type 00 class 0x060000
[    1.744857] pci 0000:c0:03.0: [1022:1482] type 00 class 0x060000
[    1.744935] pci 0000:c0:03.1: [1022:1483] type 01 class 0x060400
[    1.745019] pci 0000:c0:03.1: PME# supported from D0 D3hot D3cold
[    1.745075] pci 0000:c0:03.1: System wakeup disabled by ACPI
[    1.745122] pci 0000:c0:03.4: [1022:1483] type 01 class 0x060400
[    1.745205] pci 0000:c0:03.4: PME# supported from D0 D3hot D3cold
[    1.745256] pci 0000:c0:03.4: System wakeup disabled by ACPI
[    1.745300] pci 0000:c0:04.0: [1022:1482] type 00 class 0x060000
[    1.745381] pci 0000:c0:05.0: [1022:1482] type 00 class 0x060000
[    1.745461] pci 0000:c0:07.0: [1022:1482] type 00 class 0x060000
[    1.745538] pci 0000:c0:07.1: [1022:1484] type 01 class 0x060400
[    1.745611] pci 0000:c0:07.1: PME# supported from D0 D3hot D3cold
[    1.745658] pci 0000:c0:07.1: System wakeup disabled by ACPI
[    1.745701] pci 0000:c0:08.0: [1022:1482] type 00 class 0x060000
[    1.745779] pci 0000:c0:08.1: [1022:1484] type 01 class 0x060400
[    1.745854] pci 0000:c0:08.1: PME# supported from D0 D3hot D3cold
[    1.745901] pci 0000:c0:08.1: System wakeup disabled by ACPI
[    1.746026] pci 0000:c4:00.0: [8086:1521] type 00 class 0x020000
[    1.746052] pci 0000:c4:00.0: reg 0x10: [mem 0xce100000-0xce1fffff]
[    1.746079] pci 0000:c4:00.0: reg 0x1c: [mem 0xce20c000-0xce20ffff]
[    1.746108] pci 0000:c4:00.0: reg 0x30: [mem 0x00000000-0x0007ffff pref]
[    1.746186] pci 0000:c4:00.0: PME# supported from D0 D3hot D3cold
[    1.746228] pci 0000:c4:00.0: reg 0x184: [mem 0x4a02e0000-0x4a02e3fff 64bit pref]
[    1.746231] pci 0000:c4:00.0: VF(n) BAR0 space: [mem 0x4a02e0000-0x4a02fffff 64bit pref] (contains BAR0 for 8 VFs)
[    1.746254] pci 0000:c4:00.0: reg 0x190: [mem 0x4a02c0000-0x4a02c3fff 64bit pref]
[    1.746256] pci 0000:c4:00.0: VF(n) BAR3 space: [mem 0x4a02c0000-0x4a02dffff 64bit pref] (contains BAR3 for 8 VFs)
[    1.746329] pci 0000:c4:00.0: 16.000 Gb/s available PCIe bandwidth, limited by 5 GT/s x4 link at 0000:c0:03.1 (capable of 31.504 Gb/s with 8 GT/s x4 link)
[    1.746433] pci 0000:c4:00.1: [8086:1521] type 00 class 0x020000
[    1.746457] pci 0000:c4:00.1: reg 0x10: [mem 0xce000000-0xce0fffff]
[    1.746485] pci 0000:c4:00.1: reg 0x1c: [mem 0xce208000-0xce20bfff]
[    1.746513] pci 0000:c4:00.1: reg 0x30: [mem 0x00000000-0x0007ffff pref]
[    1.746587] pci 0000:c4:00.1: PME# supported from D0 D3hot D3cold
[    1.746622] pci 0000:c4:00.1: reg 0x184: [mem 0x4a02a0000-0x4a02a3fff 64bit pref]
[    1.746625] pci 0000:c4:00.1: VF(n) BAR0 space: [mem 0x4a02a0000-0x4a02bffff 64bit pref] (contains BAR0 for 8 VFs)
[    1.746647] pci 0000:c4:00.1: reg 0x190: [mem 0x4a0280000-0x4a0283fff 64bit pref]
[    1.746649] pci 0000:c4:00.1: VF(n) BAR3 space: [mem 0x4a0280000-0x4a029ffff 64bit pref] (contains BAR3 for 8 VFs)
[    1.746804] pci 0000:c4:00.2: [8086:1521] type 00 class 0x020000
[    1.746827] pci 0000:c4:00.2: reg 0x10: [mem 0xcdf00000-0xcdffffff]
[    1.746855] pci 0000:c4:00.2: reg 0x1c: [mem 0xce204000-0xce207fff]
[    1.746883] pci 0000:c4:00.2: reg 0x30: [mem 0x00000000-0x0007ffff pref]
[    1.746957] pci 0000:c4:00.2: PME# supported from D0 D3hot D3cold
[    1.746992] pci 0000:c4:00.2: reg 0x184: [mem 0x4a0260000-0x4a0263fff 64bit pref]
[    1.746994] pci 0000:c4:00.2: VF(n) BAR0 space: [mem 0x4a0260000-0x4a027ffff 64bit pref] (contains BAR0 for 8 VFs)
[    1.747016] pci 0000:c4:00.2: reg 0x190: [mem 0x4a0240000-0x4a0243fff 64bit pref]
[    1.747019] pci 0000:c4:00.2: VF(n) BAR3 space: [mem 0x4a0240000-0x4a025ffff 64bit pref] (contains BAR3 for 8 VFs)
[    1.747172] pci 0000:c4:00.3: [8086:1521] type 00 class 0x020000
[    1.747195] pci 0000:c4:00.3: reg 0x10: [mem 0xcde00000-0xcdefffff]
[    1.747224] pci 0000:c4:00.3: reg 0x1c: [mem 0xce200000-0xce203fff]
[    1.747251] pci 0000:c4:00.3: reg 0x30: [mem 0x00000000-0x0007ffff pref]
[    1.747326] pci 0000:c4:00.3: PME# supported from D0 D3hot D3cold
[    1.747360] pci 0000:c4:00.3: reg 0x184: [mem 0x4a0220000-0x4a0223fff 64bit pref]
[    1.747363] pci 0000:c4:00.3: VF(n) BAR0 space: [mem 0x4a0220000-0x4a023ffff 64bit pref] (contains BAR0 for 8 VFs)
[    1.747385] pci 0000:c4:00.3: reg 0x190: [mem 0x4a0200000-0x4a0203fff 64bit pref]
[    1.747388] pci 0000:c4:00.3: VF(n) BAR3 space: [mem 0x4a0200000-0x4a021ffff 64bit pref] (contains BAR3 for 8 VFs)
[    1.749671] pci 0000:c0:03.1: PCI bridge to [bus c4]
[    1.749678] pci 0000:c0:03.1:   bridge window [mem 0xcde00000-0xce2fffff]
[    1.749683] pci 0000:c0:03.1:   bridge window [mem 0x4a0200000-0x4a02fffff 64bit pref]
[    1.749748] pci 0000:c1:00.0: [103c:3306] type 00 class 0x088000
[    1.749766] pci 0000:c1:00.0: reg 0x10: [io  0xa200-0xa2ff]
[    1.749777] pci 0000:c1:00.0: reg 0x14: [mem 0xcdba6000-0xcdba63ff]
[    1.749787] pci 0000:c1:00.0: reg 0x18: [io  0xa100-0xa1ff]
[    1.749798] pci 0000:c1:00.0: reg 0x1c: [mem 0xc8000000-0xcbffffff]
[    1.749809] pci 0000:c1:00.0: reg 0x20: [mem 0xcd800000-0xcd9fffff]
[    1.749909] pci 0000:c1:00.0: 4.000 Gb/s available PCIe bandwidth, limited by 5 GT/s x1 link at 0000:c0:03.4 (capable of 7.876 Gb/s with 8 GT/s x1 link)
[    1.749959] pci 0000:c1:00.1: [102b:0538] type 00 class 0x030000
[    1.749977] pci 0000:c1:00.1: reg 0x10: [mem 0xcc000000-0xccffffff pref]
[    1.749988] pci 0000:c1:00.1: reg 0x14: [mem 0xcdba0000-0xcdba3fff]
[    1.749999] pci 0000:c1:00.1: reg 0x18: [mem 0xcd000000-0xcd7fffff]
[    1.750152] pci 0000:c1:00.2: [103c:3307] type 00 class 0x088000
[    1.750169] pci 0000:c1:00.2: reg 0x10: [io  0xa000-0xa0ff]
[    1.750180] pci 0000:c1:00.2: reg 0x14: [mem 0xcdba5000-0xcdba50ff]
[    1.750191] pci 0000:c1:00.2: reg 0x18: [mem 0xcda00000-0xcdafffff]
[    1.750203] pci 0000:c1:00.2: reg 0x1c: [mem 0xcdb00000-0xcdb7ffff]
[    1.750214] pci 0000:c1:00.2: reg 0x20: [mem 0xcdb90000-0xcdb97fff]
[    1.750224] pci 0000:c1:00.2: reg 0x24: [mem 0xcdb80000-0xcdb8ffff]
[    1.750235] pci 0000:c1:00.2: reg 0x30: [mem 0x00000000-0x0000ffff pref]
[    1.750285] pci 0000:c1:00.2: PME# supported from D0 D3hot D3cold
[    1.750364] pci 0000:c1:00.4: [103c:22f6] type 00 class 0x0c0320
[    1.750382] pci 0000:c1:00.4: reg 0x10: [mem 0xcdba4000-0xcdba40ff]
[    1.750552] pci 0000:c0:03.4: PCI bridge to [bus c1]
[    1.750557] pci 0000:c0:03.4:   bridge window [io  0xa000-0xafff]
[    1.750561] pci 0000:c0:03.4:   bridge window [mem 0xc6000000-0xcdbfffff]
[    1.750612] pci 0000:c2:00.0: [1022:148a] type 00 class 0x130000
[    1.750759] pci 0000:c2:00.2: [1022:1498] type 00 class 0x108000
[    1.750780] pci 0000:c2:00.2: reg 0x18: [mem 0xcdd00000-0xcdd7ffff]
[    1.750793] pci 0000:c2:00.2: reg 0x24: [mem 0xcdd80000-0xcdd81fff]
[    1.750911] pci 0000:c0:07.1: PCI bridge to [bus c2]
[    1.750917] pci 0000:c0:07.1:   bridge window [mem 0xcdd00000-0xcddfffff]
[    1.750969] pci 0000:c3:00.0: [1022:1485] type 00 class 0x130000
[    1.751123] pci 0000:c3:00.2: [1022:1498] type 00 class 0x108000
[    1.751145] pci 0000:c3:00.2: reg 0x18: [mem 0xcdc00000-0xcdc7ffff]
[    1.751159] pci 0000:c3:00.2: reg 0x24: [mem 0xcdc80000-0xcdc81fff]
[    1.751283] pci 0000:c0:08.1: PCI bridge to [bus c3]
[    1.751289] pci 0000:c0:08.1:   bridge window [mem 0xcdc00000-0xcdcfffff]
[    1.751316] pci_bus 0000:c0: on NUMA node 0
[    1.751359] ACPI: PCI Root Bridge [PC01] (domain 0000 [bus 80-bf])
[    1.751367] acpi PNP0A08:01: _OSC: OS supports [ExtendedConfig ASPM ClockPM Segments MSI]
[    1.751472] acpi PNP0A08:01: _OSC: platform does not support [SHPCHotplug AER]
[    1.751562] acpi PNP0A08:01: _OSC: OS now controls [PCIeHotplug PME PCIeCapability]
[    1.751565] acpi PNP0A08:01: FADT indicates ASPM is unsupported, using BIOS configuration
[    1.751636] PCI host bridge to bus 0000:80
[    1.751639] pci_bus 0000:80: root bus resource [io  0x7000-0x9fff window]
[    1.751641] pci_bus 0000:80: root bus resource [mem 0xab000000-0xc4ffffff window]
[    1.751644] pci_bus 0000:80: root bus resource [mem 0x202c0200000-0x400bfffffff window]
[    1.751646] pci_bus 0000:80: root bus resource [bus 80-bf]
[    1.751654] pci 0000:80:00.0: [1022:1480] type 00 class 0x060000
[    1.751744] pci 0000:80:00.2: [1022:1481] type 00 class 0x080600
[    1.751854] pci 0000:80:01.0: [1022:1482] type 00 class 0x060000
[    1.751933] pci 0000:80:01.1: [1022:1483] type 01 class 0x060400
[    1.752019] pci 0000:80:01.1: PME# supported from D0 D3hot D3cold
[    1.752072] pci 0000:80:01.1: System wakeup disabled by ACPI
[    1.752114] pci 0000:80:02.0: [1022:1482] type 00 class 0x060000
[    1.752194] pci 0000:80:03.0: [1022:1482] type 00 class 0x060000
[    1.752275] pci 0000:80:04.0: [1022:1482] type 00 class 0x060000
[    1.752355] pci 0000:80:05.0: [1022:1482] type 00 class 0x060000
[    1.752434] pci 0000:80:07.0: [1022:1482] type 00 class 0x060000
[    1.752512] pci 0000:80:07.1: [1022:1484] type 01 class 0x060400
[    1.752586] pci 0000:80:07.1: PME# supported from D0 D3hot D3cold
[    1.752633] pci 0000:80:07.1: System wakeup disabled by ACPI
[    1.752677] pci 0000:80:08.0: [1022:1482] type 00 class 0x060000
[    1.752757] pci 0000:80:08.1: [1022:1484] type 01 class 0x060400
[    1.752833] pci 0000:80:08.1: PME# supported from D0 D3hot D3cold
[    1.752882] pci 0000:80:08.1: System wakeup disabled by ACPI
[    1.752986] pci 0000:83:00.0: [9005:028f] type 00 class 0x010700
[    1.753007] pci 0000:83:00.0: reg 0x10: [mem 0xab200000-0xab207fff 64bit]
[    1.753030] pci 0000:83:00.0: reg 0x20: [io  0x7000-0x70ff]
[    1.753047] pci 0000:83:00.0: reg 0x30: [mem 0x00000000-0x001fffff pref]
[    1.753095] pci 0000:83:00.0: supports D1
[    1.753097] pci 0000:83:00.0: PME# supported from D0 D1 D3hot
[    1.755668] pci 0000:80:01.1: PCI bridge to [bus 83]
[    1.755673] pci 0000:80:01.1:   bridge window [io  0x7000-0x7fff]
[    1.755677] pci 0000:80:01.1:   bridge window [mem 0xab200000-0xab2fffff]
[    1.755733] pci 0000:82:00.0: [1022:148a] type 00 class 0x130000
[    1.755893] pci 0000:82:00.2: [1022:1498] type 00 class 0x108000
[    1.755916] pci 0000:82:00.2: reg 0x18: [mem 0xab100000-0xab17ffff]
[    1.755931] pci 0000:82:00.2: reg 0x24: [mem 0xab180000-0xab181fff]
[    1.756060] pci 0000:80:07.1: PCI bridge to [bus 82]
[    1.756067] pci 0000:80:07.1:   bridge window [mem 0xab100000-0xab1fffff]
[    1.756123] pci 0000:81:00.0: [1022:1485] type 00 class 0x130000
[    1.756291] pci 0000:81:00.2: [1022:1498] type 00 class 0x108000
[    1.756315] pci 0000:81:00.2: reg 0x18: [mem 0xab000000-0xab07ffff]
[    1.756331] pci 0000:81:00.2: reg 0x24: [mem 0xab080000-0xab081fff]
[    1.756464] pci 0000:80:08.1: PCI bridge to [bus 81]
[    1.756471] pci 0000:80:08.1:   bridge window [mem 0xab000000-0xab0fffff]
[    1.756496] pci_bus 0000:80: on NUMA node 0
[    1.756527] ACPI: PCI Root Bridge [PC02] (domain 0000 [bus 40-7f])
[    1.756535] acpi PNP0A08:02: _OSC: OS supports [ExtendedConfig ASPM ClockPM Segments MSI]
[    1.756638] acpi PNP0A08:02: _OSC: platform does not support [SHPCHotplug AER]
[    1.756730] acpi PNP0A08:02: _OSC: OS now controls [PCIeHotplug PME PCIeCapability]
[    1.756733] acpi PNP0A08:02: FADT indicates ASPM is unsupported, using BIOS configuration
[    1.756806] PCI host bridge to bus 0000:40
[    1.756808] pci_bus 0000:40: root bus resource [io  0x4000-0x6fff window]
[    1.756811] pci_bus 0000:40: root bus resource [mem 0x90000000-0xa9ffffff window]
[    1.756813] pci_bus 0000:40: root bus resource [mem 0x400e0200000-0x5fedfffffff window]
[    1.756815] pci_bus 0000:40: root bus resource [bus 40-7f]
[    1.756823] pci 0000:40:00.0: [1022:1480] type 00 class 0x060000
[    1.756911] pci 0000:40:00.2: [1022:1481] type 00 class 0x080600
[    1.757023] pci 0000:40:01.0: [1022:1482] type 00 class 0x060000
[    1.757104] pci 0000:40:02.0: [1022:1482] type 00 class 0x060000
[    1.757185] pci 0000:40:03.0: [1022:1482] type 00 class 0x060000
[    1.757274] pci 0000:40:03.1: [1022:1483] type 01 class 0x060400
[    1.757457] pci 0000:40:03.1: PME# supported from D0 D3hot D3cold
[    1.757555] pci 0000:40:03.1: System wakeup disabled by ACPI
[    1.757598] pci 0000:40:04.0: [1022:1482] type 00 class 0x060000
[    1.757683] pci 0000:40:05.0: [1022:1482] type 00 class 0x060000
[    1.757765] pci 0000:40:07.0: [1022:1482] type 00 class 0x060000
[    1.757845] pci 0000:40:07.1: [1022:1484] type 01 class 0x060400
[    1.757922] pci 0000:40:07.1: PME# supported from D0 D3hot D3cold
[    1.757970] pci 0000:40:07.1: System wakeup disabled by ACPI
[    1.758013] pci 0000:40:08.0: [1022:1482] type 00 class 0x060000
[    1.758095] pci 0000:40:08.1: [1022:1484] type 01 class 0x060400
[    1.758175] pci 0000:40:08.1: PME# supported from D0 D3hot D3cold
[    1.758225] pci 0000:40:08.1: System wakeup disabled by ACPI
[    1.758346] pci 0000:40:03.1: PCI bridge to [bus 43]
[    1.758414] pci 0000:41:00.0: [1022:148a] type 00 class 0x130000
[    1.758568] pci 0000:41:00.2: [1022:1498] type 00 class 0x108000
[    1.758590] pci 0000:41:00.2: reg 0x18: [mem 0x90200000-0x9027ffff]
[    1.758604] pci 0000:41:00.2: reg 0x24: [mem 0x90280000-0x90281fff]
[    1.758734] pci 0000:40:07.1: PCI bridge to [bus 41]
[    1.758740] pci 0000:40:07.1:   bridge window [mem 0x90200000-0x902fffff]
[    1.758796] pci 0000:42:00.0: [1022:1485] type 00 class 0x130000
[    1.758956] pci 0000:42:00.1: [1022:1486] type 00 class 0x108000
[    1.758979] pci 0000:42:00.1: reg 0x18: [mem 0x90000000-0x900fffff]
[    1.758995] pci 0000:42:00.1: reg 0x24: [mem 0x90182000-0x90183fff]
[    1.759116] pci 0000:42:00.2: [1022:1498] type 00 class 0x108000
[    1.759139] pci 0000:42:00.2: reg 0x18: [mem 0x90100000-0x9017ffff]
[    1.759154] pci 0000:42:00.2: reg 0x24: [mem 0x90180000-0x90181fff]
[    1.759289] pci 0000:40:08.1: PCI bridge to [bus 42]
[    1.759295] pci 0000:40:08.1:   bridge window [mem 0x90000000-0x901fffff]
[    1.759324] pci_bus 0000:40: on NUMA node 0
[    1.759358] ACPI: PCI Root Bridge [PC03] (domain 0000 [bus 00-3f])
[    1.759366] acpi PNP0A08:03: _OSC: OS supports [ExtendedConfig ASPM ClockPM Segments MSI]
[    1.759469] acpi PNP0A08:03: _OSC: platform does not support [SHPCHotplug AER]
[    1.759560] acpi PNP0A08:03: _OSC: OS now controls [PCIeHotplug PME PCIeCapability]
[    1.759562] acpi PNP0A08:03: FADT indicates ASPM is unsupported, using BIOS configuration
[    1.759663] PCI host bridge to bus 0000:00
[    1.759665] pci_bus 0000:00: root bus resource [io  0x0000-0x03af window]
[    1.759668] pci_bus 0000:00: root bus resource [io  0x03e0-0x0cf7 window]
[    1.759670] pci_bus 0000:00: root bus resource [io  0x0d00-0x0fff window]
[    1.759672] pci_bus 0000:00: root bus resource [io  0x1000-0x3fff window]
[    1.759674] pci_bus 0000:00: root bus resource [mem 0xe1000000-0xfcffffff window]
[    1.759677] pci_bus 0000:00: root bus resource [mem 0x5ff00200000-0x7fcffffffff window]
[    1.759679] pci_bus 0000:00: root bus resource [bus 00-3f]
[    1.759686] pci 0000:00:00.0: [1022:1480] type 00 class 0x060000
[    1.759787] pci 0000:00:00.2: [1022:1481] type 00 class 0x080600
[    1.759911] pci 0000:00:01.0: [1022:1482] type 00 class 0x060000
[    1.760009] pci 0000:00:01.1: [1022:1483] type 01 class 0x060400
[    1.760196] pci 0000:00:01.1: PME# supported from D0 D3hot D3cold
[    1.760297] pci 0000:00:01.1: System wakeup disabled by ACPI
[    1.760347] pci 0000:00:01.2: [1022:1483] type 01 class 0x060400
[    1.760533] pci 0000:00:01.2: PME# supported from D0 D3hot D3cold
[    1.760634] pci 0000:00:01.2: System wakeup disabled by ACPI
[    1.760684] pci 0000:00:02.0: [1022:1482] type 00 class 0x060000
[    1.760777] pci 0000:00:03.0: [1022:1482] type 00 class 0x060000
[    1.760870] pci 0000:00:04.0: [1022:1482] type 00 class 0x060000
[    1.760964] pci 0000:00:05.0: [1022:1482] type 00 class 0x060000
[    1.761059] pci 0000:00:07.0: [1022:1482] type 00 class 0x060000
[    1.761144] pci 0000:00:07.1: [1022:1484] type 01 class 0x060400
[    1.761226] pci 0000:00:07.1: PME# supported from D0 D3hot D3cold
[    1.761278] pci 0000:00:07.1: System wakeup disabled by ACPI
[    1.761328] pci 0000:00:08.0: [1022:1482] type 00 class 0x060000
[    1.761416] pci 0000:00:08.1: [1022:1484] type 01 class 0x060400
[    1.761499] pci 0000:00:08.1: PME# supported from D0 D3hot D3cold
[    1.761553] pci 0000:00:08.1: System wakeup disabled by ACPI
[    1.761624] pci 0000:00:14.0: [1022:790b] type 00 class 0x0c0500
[    1.761752] pci 0000:00:14.3: [1022:790e] type 00 class 0x060100
[    1.761909] pci 0000:00:18.0: [1022:1490] type 00 class 0x060000
[    1.761978] pci 0000:00:18.1: [1022:1491] type 00 class 0x060000
[    1.762047] pci 0000:00:18.2: [1022:1492] type 00 class 0x060000
[    1.762120] pci 0000:00:18.3: [1022:1493] type 00 class 0x060000
[    1.762189] pci 0000:00:18.4: [1022:1494] type 00 class 0x060000
[    1.762260] pci 0000:00:18.5: [1022:1495] type 00 class 0x060000
[    1.762329] pci 0000:00:18.6: [1022:1496] type 00 class 0x060000
[    1.762398] pci 0000:00:18.7: [1022:1497] type 00 class 0x060000
[    1.762542] pci 0000:00:01.1: PCI bridge to [bus 03]
[    1.762627] pci 0000:00:01.2: PCI bridge to [bus 04]
[    1.762700] pci 0000:01:00.0: [1022:148a] type 00 class 0x130000
[    1.762859] pci 0000:01:00.2: [1022:1498] type 00 class 0x108000
[    1.762882] pci 0000:01:00.2: reg 0x18: [mem 0xe1200000-0xe127ffff]
[    1.762897] pci 0000:01:00.2: reg 0x24: [mem 0xe1280000-0xe1281fff]
[    1.763027] pci 0000:00:07.1: PCI bridge to [bus 01]
[    1.763034] pci 0000:00:07.1:   bridge window [mem 0xe1200000-0xe12fffff]
[    1.763099] pci 0000:02:00.0: [1022:1485] type 00 class 0x130000
[    1.763268] pci 0000:02:00.2: [1022:1498] type 00 class 0x108000
[    1.763292] pci 0000:02:00.2: reg 0x18: [mem 0xe1100000-0xe117ffff]
[    1.763308] pci 0000:02:00.2: reg 0x24: [mem 0xe1180000-0xe1181fff]
[    1.763430] pci 0000:02:00.3: [1022:148c] type 00 class 0x0c0330
[    1.763449] pci 0000:02:00.3: reg 0x10: [mem 0xe1000000-0xe10fffff 64bit]
[    1.763525] pci 0000:02:00.3: PME# supported from D0 D3hot D3cold
[    1.763619] pci 0000:00:08.1: PCI bridge to [bus 02]
[    1.763626] pci 0000:00:08.1:   bridge window [mem 0xe1000000-0xe11fffff]
[    1.763670] pci_bus 0000:00: on NUMA node 0
[    1.763755] ACPI: PCI Interrupt Link [LNKA] (IRQs 4 5 7 10 11 14 15) *0
[    1.763813] ACPI: PCI Interrupt Link [LNKB] (IRQs 4 5 7 10 11 14 15) *0
[    1.763861] ACPI: PCI Interrupt Link [LNKC] (IRQs 4 5 7 10 11 14 15) *0
[    1.763908] ACPI: PCI Interrupt Link [LNKD] (IRQs 4 5 7 10 11 14 15) *0
[    1.763959] ACPI: PCI Interrupt Link [LNKE] (IRQs 4 5 7 10 11 14 15) *0
[    1.764005] ACPI: PCI Interrupt Link [LNKF] (IRQs 4 5 7 10 11 14 15) *0
[    1.764049] ACPI: PCI Interrupt Link [LNKG] (IRQs 4 5 7 10 11 14 15) *0
[    1.764093] ACPI: PCI Interrupt Link [LNKH] (IRQs 4 5 7 10 11 14 15) *0
[    1.764510] vgaarb: device added: PCI:0000:c1:00.1,decodes=io+mem,owns=io+mem,locks=none
[    1.764521] vgaarb: loaded
[    1.764523] vgaarb: bridge control possible 0000:c1:00.1
[    1.764664] SCSI subsystem initialized
[    1.764701] ACPI: bus type USB registered
[    1.764726] usbcore: registered new interface driver usbfs
[    1.764737] usbcore: registered new interface driver hub
[    1.764823] usbcore: registered new device driver usb
[    1.764988] EDAC MC: Ver: 3.0.0
[    1.765258] Registered efivars operations
[    1.765376] PCI: Using ACPI for IRQ routing
[    1.770755] PCI: pci_cache_line_size set to 64 bytes
[    1.770932] e820: reserve RAM buffer [mem 0x5f9fc000-0x5fffffff]
[    1.770935] e820: reserve RAM buffer [mem 0x6a13b000-0x6bffffff]
[    1.770937] e820: reserve RAM buffer [mem 0x6a159000-0x6bffffff]
[    1.770939] e820: reserve RAM buffer [mem 0x6a166000-0x6bffffff]
[    1.770941] e820: reserve RAM buffer [mem 0x6a818000-0x6bffffff]
[    1.770943] e820: reserve RAM buffer [mem 0x6a839000-0x6bffffff]
[    1.770945] e820: reserve RAM buffer [mem 0x6a83b000-0x6bffffff]
[    1.770946] e820: reserve RAM buffer [mem 0x6bda2000-0x6bffffff]
[    1.770948] e820: reserve RAM buffer [mem 0x6d3dd000-0x6fffffff]
[    1.770950] e820: reserve RAM buffer [mem 0x6f83d000-0x6fffffff]
[    1.770952] e820: reserve RAM buffer [mem 0x761da018-0x77ffffff]
[    1.770956] e820: reserve RAM buffer [mem 0x76306018-0x77ffffff]
[    1.770960] e820: reserve RAM buffer [mem 0x76311018-0x77ffffff]
[    1.770963] e820: reserve RAM buffer [mem 0x7631a018-0x77ffffff]
[    1.770967] e820: reserve RAM buffer [mem 0x7635b018-0x77ffffff]
[    1.770970] e820: reserve RAM buffer [mem 0x7639c018-0x77ffffff]
[    1.770973] e820: reserve RAM buffer [mem 0x763dd018-0x77ffffff]
[    1.770975] e820: reserve RAM buffer [mem 0x776c9000-0x77ffffff]
[    1.770978] e820: reserve RAM buffer [mem 0x77d3e000-0x77ffffff]
[    1.770980] e820: reserve RAM buffer [mem 0x77dff000-0x77ffffff]
[    1.770982] e820: reserve RAM buffer [mem 0x47f200000-0x47fffffff]
[    1.771166] NetLabel: Initializing
[    1.771167] NetLabel:  domain hash size = 128
[    1.771169] NetLabel:  protocols = UNLABELED CIPSOv4
[    1.771191] NetLabel:  unlabeled traffic allowed by default
[    1.771323] hpet0: at MMIO 0xfed00000, IRQs 2, 8, 0
[    1.771327] hpet0: 3 comparators, 32-bit 14.318180 MHz counter
[    1.773490] Switched to clocksource hpet
[    1.779135] pnp: PnP ACPI init
[    1.779158] ACPI: bus type PNP registered
[    1.779413] pnp 00:00: Plug and Play ACPI device, IDs PNP0b00 (active)
[    1.779570] system 00:01: [io  0x0400-0x049f] could not be reserved
[    1.779573] system 00:01: [io  0x0b00-0x0b0f] has been reserved
[    1.779576] system 00:01: [io  0x0b20-0x0b3f] has been reserved
[    1.779578] system 00:01: [io  0x0c00-0x0c01] has been reserved
[    1.779580] system 00:01: [io  0x0c14-0x0c15] has been reserved
[    1.779583] system 00:01: [io  0x0cd0-0x0cdf] has been reserved
[    1.779589] system 00:01: [mem 0xfec10000-0xfec10fff] has been reserved
[    1.779592] system 00:01: [mem 0xfed80000-0xfed80fff] has been reserved
[    1.779594] system 00:01: [mem 0xfed81d00-0xfed81dff] has been reserved
[    1.779597] system 00:01: [mem 0xfed81e00-0xfed81eff] has been reserved
[    1.779599] system 00:01: [mem 0xfedc0000-0xfedc1fff] has been reserved
[    1.779603] system 00:01: [mem 0xfedc4000-0xfeddffff] has been reserved
[    1.779605] system 00:01: [mem 0xfee00000-0xfeefffff] has been reserved
[    1.779608] system 00:01: [mem 0xff000000-0xffffffff] has been reserved
[    1.779612] system 00:01: Plug and Play ACPI device, IDs PNP0c02 (active)
[    1.779667] pnp 00:02: Plug and Play ACPI device, IDs PNP0501 (active)
[    1.779704] pnp 00:03: Plug and Play ACPI device, IDs PNP0501 (active)
[    1.779769] pnp: PnP ACPI: found 4 devices
[    1.779770] ACPI: bus type PNP unregistered
[    1.787335] pci 0000:c4:00.0: BAR 6: assigned [mem 0xce280000-0xce2fffff pref]
[    1.787341] pci 0000:c4:00.1: BAR 6: no space for [mem size 0x00080000 pref]
[    1.787343] pci 0000:c4:00.1: BAR 6: failed to assign [mem size 0x00080000 pref]
[    1.787347] pci 0000:c4:00.2: BAR 6: no space for [mem size 0x00080000 pref]
[    1.787349] pci 0000:c4:00.2: BAR 6: failed to assign [mem size 0x00080000 pref]
[    1.787352] pci 0000:c4:00.3: BAR 6: no space for [mem size 0x00080000 pref]
[    1.787354] pci 0000:c4:00.3: BAR 6: failed to assign [mem size 0x00080000 pref]
[    1.787358] pci 0000:c0:03.1: PCI bridge to [bus c4]
[    1.787365] pci 0000:c0:03.1:   bridge window [mem 0xcde00000-0xce2fffff]
[    1.787369] pci 0000:c0:03.1:   bridge window [mem 0x4a0200000-0x4a02fffff 64bit pref]
[    1.787376] pci 0000:c1:00.2: BAR 6: assigned [mem 0xc6000000-0xc600ffff pref]
[    1.787379] pci 0000:c0:03.4: PCI bridge to [bus c1]
[    1.787382] pci 0000:c0:03.4:   bridge window [io  0xa000-0xafff]
[    1.787387] pci 0000:c0:03.4:   bridge window [mem 0xc6000000-0xcdbfffff]
[    1.787395] pci 0000:c0:07.1: PCI bridge to [bus c2]
[    1.787399] pci 0000:c0:07.1:   bridge window [mem 0xcdd00000-0xcddfffff]
[    1.787406] pci 0000:c0:08.1: PCI bridge to [bus c3]
[    1.787411] pci 0000:c0:08.1:   bridge window [mem 0xcdc00000-0xcdcfffff]
[    1.787420] pci_bus 0000:c0: resource 4 [io  0x03b0-0x03bb window]
[    1.787422] pci_bus 0000:c0: resource 5 [io  0x03c0-0x03df window]
[    1.787425] pci_bus 0000:c0: resource 6 [mem 0x000a0000-0x000bffff window]
[    1.787427] pci_bus 0000:c0: resource 7 [io  0xa000-0xffff window]
[    1.787429] pci_bus 0000:c0: resource 8 [mem 0xc6000000-0xdfffffff window]
[    1.787432] pci_bus 0000:c0: resource 9 [mem 0x4a0200000-0x2029fffffff window]
[    1.787434] pci_bus 0000:c4: resource 1 [mem 0xcde00000-0xce2fffff]
[    1.787436] pci_bus 0000:c4: resource 2 [mem 0x4a0200000-0x4a02fffff 64bit pref]
[    1.787439] pci_bus 0000:c1: resource 0 [io  0xa000-0xafff]
[    1.787441] pci_bus 0000:c1: resource 1 [mem 0xc6000000-0xcdbfffff]
[    1.787443] pci_bus 0000:c2: resource 1 [mem 0xcdd00000-0xcddfffff]
[    1.787446] pci_bus 0000:c3: resource 1 [mem 0xcdc00000-0xcdcfffff]
[    1.787453] pci 0000:83:00.0: BAR 6: no space for [mem size 0x00200000 pref]
[    1.787455] pci 0000:83:00.0: BAR 6: failed to assign [mem size 0x00200000 pref]
[    1.787465] pci 0000:80:01.1: PCI bridge to [bus 83]
[    1.787468] pci 0000:80:01.1:   bridge window [io  0x7000-0x7fff]
[    1.787473] pci 0000:80:01.1:   bridge window [mem 0xab200000-0xab2fffff]
[    1.787481] pci 0000:80:07.1: PCI bridge to [bus 82]
[    1.787485] pci 0000:80:07.1:   bridge window [mem 0xab100000-0xab1fffff]
[    1.787492] pci 0000:80:08.1: PCI bridge to [bus 81]
[    1.787497] pci 0000:80:08.1:   bridge window [mem 0xab000000-0xab0fffff]
[    1.787504] pci_bus 0000:80: resource 4 [io  0x7000-0x9fff window]
[    1.787507] pci_bus 0000:80: resource 5 [mem 0xab000000-0xc4ffffff window]
[    1.787509] pci_bus 0000:80: resource 6 [mem 0x202c0200000-0x400bfffffff window]
[    1.787512] pci_bus 0000:83: resource 0 [io  0x7000-0x7fff]
[    1.787514] pci_bus 0000:83: resource 1 [mem 0xab200000-0xab2fffff]
[    1.787516] pci_bus 0000:82: resource 1 [mem 0xab100000-0xab1fffff]
[    1.787519] pci_bus 0000:81: resource 1 [mem 0xab000000-0xab0fffff]
[    1.787525] pci 0000:40:03.1: PCI bridge to [bus 43]
[    1.787542] pci 0000:40:07.1: PCI bridge to [bus 41]
[    1.787547] pci 0000:40:07.1:   bridge window [mem 0x90200000-0x902fffff]
[    1.787554] pci 0000:40:08.1: PCI bridge to [bus 42]
[    1.787559] pci 0000:40:08.1:   bridge window [mem 0x90000000-0x901fffff]
[    1.787566] pci_bus 0000:40: resource 4 [io  0x4000-0x6fff window]
[    1.787568] pci_bus 0000:40: resource 5 [mem 0x90000000-0xa9ffffff window]
[    1.787570] pci_bus 0000:40: resource 6 [mem 0x400e0200000-0x5fedfffffff window]
[    1.787573] pci_bus 0000:41: resource 1 [mem 0x90200000-0x902fffff]
[    1.787575] pci_bus 0000:42: resource 1 [mem 0x90000000-0x901fffff]
[    1.787583] pci 0000:00:01.1: PCI bridge to [bus 03]
[    1.787600] pci 0000:00:01.2: PCI bridge to [bus 04]
[    1.787617] pci 0000:00:07.1: PCI bridge to [bus 01]
[    1.787622] pci 0000:00:07.1:   bridge window [mem 0xe1200000-0xe12fffff]
[    1.787630] pci 0000:00:08.1: PCI bridge to [bus 02]
[    1.787634] pci 0000:00:08.1:   bridge window [mem 0xe1000000-0xe11fffff]
[    1.787642] pci_bus 0000:00: resource 4 [io  0x0000-0x03af window]
[    1.787644] pci_bus 0000:00: resource 5 [io  0x03e0-0x0cf7 window]
[    1.787646] pci_bus 0000:00: resource 6 [io  0x0d00-0x0fff window]
[    1.787649] pci_bus 0000:00: resource 7 [io  0x1000-0x3fff window]
[    1.787651] pci_bus 0000:00: resource 8 [mem 0xe1000000-0xfcffffff window]
[    1.787653] pci_bus 0000:00: resource 9 [mem 0x5ff00200000-0x7fcffffffff window]
[    1.787656] pci_bus 0000:01: resource 1 [mem 0xe1200000-0xe12fffff]
[    1.787658] pci_bus 0000:02: resource 1 [mem 0xe1000000-0xe11fffff]
[    1.787704] NET: Registered protocol family 2
[    1.788043] TCP established hash table entries: 131072 (order: 8, 1048576 bytes)
[    1.788344] TCP bind hash table entries: 65536 (order: 8, 1048576 bytes)
[    1.788514] TCP: Hash tables configured (established 131072 bind 65536)
[    1.788535] TCP: reno registered
[    1.788558] UDP hash table entries: 8192 (order: 6, 262144 bytes)
[    1.788621] UDP-Lite hash table entries: 8192 (order: 6, 262144 bytes)
[    1.788730] NET: Registered protocol family 1
[    1.788791] pci 0000:c1:00.1: Boot video device
[    1.789114] pci 0000:02:00.3: enabling device (0140 -> 0142)
[    1.789204] PCI: CLS 64 bytes, default 64
[    1.789254] Unpacking initramfs...
[    2.348335] Freeing initrd memory: 28540k freed
[    2.353002] AMD-Vi: IOMMU performance counters supported
[    2.353068] AMD-Vi: IOMMU performance counters supported
[    2.353106] AMD-Vi: IOMMU performance counters supported
[    2.353143] AMD-Vi: IOMMU performance counters supported
[    2.353439] iommu: Adding device 0000:c0:01.0 to group 0
[    2.353576] iommu: Adding device 0000:c0:02.0 to group 1
[    2.353714] iommu: Adding device 0000:c0:03.0 to group 2
[    2.353840] iommu: Adding device 0000:c0:03.1 to group 3
[    2.353968] iommu: Adding device 0000:c0:03.4 to group 4
[    2.354098] iommu: Adding device 0000:c0:04.0 to group 5
[    2.354229] iommu: Adding device 0000:c0:05.0 to group 6
[    2.354403] iommu: Adding device 0000:c0:07.0 to group 7
[    2.354545] iommu: Adding device 0000:c0:07.1 to group 8
[    2.354675] iommu: Adding device 0000:c0:08.0 to group 9
[    2.354799] iommu: Adding device 0000:c0:08.1 to group 10
[    2.354930] iommu: Adding device 0000:c4:00.0 to group 11
[    2.355057] iommu: Adding device 0000:c4:00.1 to group 12
[    2.355185] iommu: Adding device 0000:c4:00.2 to group 13
[    2.355312] iommu: Adding device 0000:c4:00.3 to group 14
[    2.355521] iommu: Adding device 0000:c1:00.0 to group 15
[    2.355555] iommu: Adding device 0000:c1:00.1 to group 15
[    2.355588] iommu: Adding device 0000:c1:00.2 to group 15
[    2.355622] iommu: Adding device 0000:c1:00.4 to group 15
[    2.355752] iommu: Adding device 0000:c2:00.0 to group 16
[    2.355879] iommu: Adding device 0000:c2:00.2 to group 17
[    2.356006] iommu: Adding device 0000:c3:00.0 to group 18
[    2.356129] iommu: Adding device 0000:c3:00.2 to group 19
[    2.356263] iommu: Adding device 0000:80:01.0 to group 20
[    2.356388] iommu: Adding device 0000:80:01.1 to group 21
[    2.356526] iommu: Adding device 0000:80:02.0 to group 22
[    2.356656] iommu: Adding device 0000:80:03.0 to group 23
[    2.356784] iommu: Adding device 0000:80:04.0 to group 24
[    2.356918] iommu: Adding device 0000:80:05.0 to group 25
[    2.357053] iommu: Adding device 0000:80:07.0 to group 26
[    2.357179] iommu: Adding device 0000:80:07.1 to group 27
[    2.357314] iommu: Adding device 0000:80:08.0 to group 28
[    2.357437] iommu: Adding device 0000:80:08.1 to group 29
[    2.357573] iommu: Adding device 0000:83:00.0 to group 30
[    2.357697] iommu: Adding device 0000:82:00.0 to group 31
[    2.357826] iommu: Adding device 0000:82:00.2 to group 32
[    2.357958] iommu: Adding device 0000:81:00.0 to group 33
[    2.358085] iommu: Adding device 0000:81:00.2 to group 34
[    2.358221] iommu: Adding device 0000:40:01.0 to group 35
[    2.358356] iommu: Adding device 0000:40:02.0 to group 36
[    2.358505] iommu: Adding device 0000:40:03.0 to group 37
[    2.358643] iommu: Adding device 0000:40:03.1 to group 38
[    2.358792] iommu: Adding device 0000:40:04.0 to group 39
[    2.358922] iommu: Adding device 0000:40:05.0 to group 40
[    2.359057] iommu: Adding device 0000:40:07.0 to group 41
[    2.359181] iommu: Adding device 0000:40:07.1 to group 42
[    2.359314] iommu: Adding device 0000:40:08.0 to group 43
[    2.359441] iommu: Adding device 0000:40:08.1 to group 44
[    2.359578] iommu: Adding device 0000:41:00.0 to group 45
[    2.359709] iommu: Adding device 0000:41:00.2 to group 46
[    2.359840] iommu: Adding device 0000:42:00.0 to group 47
[    2.359970] iommu: Adding device 0000:42:00.1 to group 48
[    2.360102] iommu: Adding device 0000:42:00.2 to group 49
[    2.360250] iommu: Adding device 0000:00:01.0 to group 50
[    2.360386] iommu: Adding device 0000:00:01.1 to group 51
[    2.360528] iommu: Adding device 0000:00:01.2 to group 52
[    2.360659] iommu: Adding device 0000:00:02.0 to group 53
[    2.360789] iommu: Adding device 0000:00:03.0 to group 54
[    2.360921] iommu: Adding device 0000:00:04.0 to group 55
[    2.361053] iommu: Adding device 0000:00:05.0 to group 56
[    2.361190] iommu: Adding device 0000:00:07.0 to group 57
[    2.361319] iommu: Adding device 0000:00:07.1 to group 58
[    2.361462] iommu: Adding device 0000:00:08.0 to group 59
[    2.361586] iommu: Adding device 0000:00:08.1 to group 60
[    2.361726] iommu: Adding device 0000:00:14.0 to group 61
[    2.361762] iommu: Adding device 0000:00:14.3 to group 61
[    2.361980] iommu: Adding device 0000:00:18.0 to group 62
[    2.362017] iommu: Adding device 0000:00:18.1 to group 62
[    2.362051] iommu: Adding device 0000:00:18.2 to group 62
[    2.362086] iommu: Adding device 0000:00:18.3 to group 62
[    2.362121] iommu: Adding device 0000:00:18.4 to group 62
[    2.362155] iommu: Adding device 0000:00:18.5 to group 62
[    2.362190] iommu: Adding device 0000:00:18.6 to group 62
[    2.362224] iommu: Adding device 0000:00:18.7 to group 62
[    2.362355] iommu: Adding device 0000:01:00.0 to group 63
[    2.362487] iommu: Adding device 0000:01:00.2 to group 64
[    2.362617] iommu: Adding device 0000:02:00.0 to group 65
[    2.362747] iommu: Adding device 0000:02:00.2 to group 66
[    2.362878] iommu: Adding device 0000:02:00.3 to group 67
[    2.363174] AMD-Vi: Found IOMMU at 0000:c0:00.2 cap 0x40
[    2.363176] AMD-Vi: Extended features (0x58f77ef22294ade):
[    2.363177]  PPR X2APIC NX GT IA GA PC GA_vAPIC
[    2.363183] AMD-Vi: Found IOMMU at 0000:80:00.2 cap 0x40
[    2.363185] AMD-Vi: Extended features (0x58f77ef22294ade):
[    2.363186]  PPR X2APIC NX GT IA GA PC GA_vAPIC
[    2.363190] AMD-Vi: Found IOMMU at 0000:40:00.2 cap 0x40
[    2.363191] AMD-Vi: Extended features (0x58f77ef22294ade):
[    2.363192]  PPR X2APIC NX GT IA GA PC GA_vAPIC
[    2.363196] AMD-Vi: Found IOMMU at 0000:00:00.2 cap 0x40
[    2.363197] AMD-Vi: Extended features (0x58f77ef22294ade):
[    2.363198]  PPR X2APIC NX GT IA GA PC GA_vAPIC
[    2.363201] AMD-Vi: Interrupt remapping enabled
[    2.363202] AMD-Vi: virtual APIC enabled
[    2.363203] AMD-Vi: X2APIC enabled
[    2.363255] pci 0000:c0:00.2: irq 25 for MSI/MSI-X
[    2.363396] pci 0000:80:00.2: irq 26 for MSI/MSI-X
[    2.363518] pci 0000:40:00.2: irq 27 for MSI/MSI-X
[    2.363634] pci 0000:00:00.2: irq 28 for MSI/MSI-X
[    2.363739] AMD-Vi: Lazy IO/TLB flushing enabled
[    2.366216] perf: AMD NB counters detected
[    2.366222] perf: AMD LLC counters detected
[    2.366556] LVT offset 0 assigned for vector 0x400
[    2.366614] perf: AMD IBS detected (0x000003ff)
[    2.368881] sha1_ssse3: Using SHA-NI optimized SHA-1 implementation
[    2.369008] sha256_ssse3: Using SHA-256-NI optimized SHA-256 implementation
[    2.369658] futex hash table entries: 4096 (order: 6, 262144 bytes)
[    2.369713] Initialise system trusted keyring
[    2.369753] audit: initializing netlink socket (disabled)
[    2.369769] type=2000 audit(1587702402.955:1): initialized
[    2.410521] HugeTLB registered 1 GB page size, pre-allocated 0 pages
[    2.410523] HugeTLB registered 2 MB page size, pre-allocated 0 pages
[    2.412288] zpool: loaded
[    2.412291] zbud: loaded
[    2.412641] VFS: Disk quotas dquot_6.5.2
[    2.412679] Dquot-cache hash table entries: 512 (order 0, 4096 bytes)
[    2.413002] Key type big_key registered
[    2.413005] SELinux:  Registering netfilter hooks
[    2.414465] NET: Registered protocol family 38
[    2.414472] Key type asymmetric registered
[    2.414475] Asymmetric key parser 'x509' registered
[    2.414513] Block layer SCSI generic (bsg) driver version 0.4 loaded (major 248)
[    2.414590] io scheduler noop registered
[    2.414593] io scheduler deadline registered (default)
[    2.414623] io scheduler cfq registered
[    2.414626] io scheduler mq-deadline registered
[    2.414630] io scheduler kyber registered
[    2.414890] pcieport 0000:c0:03.1: irq 29 for MSI/MSI-X
[    2.415002] pcieport 0000:c0:03.4: irq 30 for MSI/MSI-X
[    2.415196] pcieport 0000:c0:07.1: irq 32 for MSI/MSI-X
[    2.415334] pcieport 0000:c0:08.1: irq 34 for MSI/MSI-X
[    2.415429] pcieport 0000:80:01.1: irq 35 for MSI/MSI-X
[    2.415593] pcieport 0000:80:07.1: irq 37 for MSI/MSI-X
[    2.415727] pcieport 0000:80:08.1: irq 39 for MSI/MSI-X
[    2.415843] pcieport 0000:40:03.1: irq 40 for MSI/MSI-X
[    2.416056] pcieport 0000:40:07.1: irq 42 for MSI/MSI-X
[    2.416187] pcieport 0000:40:08.1: irq 44 for MSI/MSI-X
[    2.416302] pcieport 0000:00:01.1: irq 45 for MSI/MSI-X
[    2.416492] pcieport 0000:00:01.2: irq 46 for MSI/MSI-X
[    2.416701] pcieport 0000:00:07.1: irq 48 for MSI/MSI-X
[    2.416781] pcieport 0000:00:08.1: irq 49 for MSI/MSI-X
[    2.416870] pcieport 0000:c0:03.1: Signaling PME through PCIe PME interrupt
[    2.416872] pci 0000:c4:00.0: Signaling PME through PCIe PME interrupt
[    2.416874] pci 0000:c4:00.1: Signaling PME through PCIe PME interrupt
[    2.416876] pci 0000:c4:00.2: Signaling PME through PCIe PME interrupt
[    2.416878] pci 0000:c4:00.3: Signaling PME through PCIe PME interrupt
[    2.416882] pcie_pme 0000:c0:03.1:pcie001: service driver pcie_pme loaded
[    2.416897] pcieport 0000:c0:03.4: Signaling PME through PCIe PME interrupt
[    2.416899] pci 0000:c1:00.0: Signaling PME through PCIe PME interrupt
[    2.416901] pci 0000:c1:00.1: Signaling PME through PCIe PME interrupt
[    2.416903] pci 0000:c1:00.2: Signaling PME through PCIe PME interrupt
[    2.416905] pci 0000:c1:00.4: Signaling PME through PCIe PME interrupt
[    2.416909] pcie_pme 0000:c0:03.4:pcie001: service driver pcie_pme loaded
[    2.416923] pcieport 0000:c0:07.1: Signaling PME through PCIe PME interrupt
[    2.416925] pci 0000:c2:00.0: Signaling PME through PCIe PME interrupt
[    2.416927] pci 0000:c2:00.2: Signaling PME through PCIe PME interrupt
[    2.416930] pcie_pme 0000:c0:07.1:pcie001: service driver pcie_pme loaded
[    2.416944] pcieport 0000:c0:08.1: Signaling PME through PCIe PME interrupt
[    2.416946] pci 0000:c3:00.0: Signaling PME through PCIe PME interrupt
[    2.416948] pci 0000:c3:00.2: Signaling PME through PCIe PME interrupt
[    2.416952] pcie_pme 0000:c0:08.1:pcie001: service driver pcie_pme loaded
[    2.416967] pcieport 0000:80:01.1: Signaling PME through PCIe PME interrupt
[    2.416969] pci 0000:83:00.0: Signaling PME through PCIe PME interrupt
[    2.416972] pcie_pme 0000:80:01.1:pcie001: service driver pcie_pme loaded
[    2.416988] pcieport 0000:80:07.1: Signaling PME through PCIe PME interrupt
[    2.416990] pci 0000:82:00.0: Signaling PME through PCIe PME interrupt
[    2.416992] pci 0000:82:00.2: Signaling PME through PCIe PME interrupt
[    2.416996] pcie_pme 0000:80:07.1:pcie001: service driver pcie_pme loaded
[    2.417011] pcieport 0000:80:08.1: Signaling PME through PCIe PME interrupt
[    2.417013] pci 0000:81:00.0: Signaling PME through PCIe PME interrupt
[    2.417015] pci 0000:81:00.2: Signaling PME through PCIe PME interrupt
[    2.417019] pcie_pme 0000:80:08.1:pcie001: service driver pcie_pme loaded
[    2.417037] pcieport 0000:40:03.1: Signaling PME through PCIe PME interrupt
[    2.417042] pcie_pme 0000:40:03.1:pcie001: service driver pcie_pme loaded
[    2.417061] pcieport 0000:40:07.1: Signaling PME through PCIe PME interrupt
[    2.417063] pci 0000:41:00.0: Signaling PME through PCIe PME interrupt
[    2.417065] pci 0000:41:00.2: Signaling PME through PCIe PME interrupt
[    2.417069] pcie_pme 0000:40:07.1:pcie001: service driver pcie_pme loaded
[    2.417083] pcieport 0000:40:08.1: Signaling PME through PCIe PME interrupt
[    2.417085] pci 0000:42:00.0: Signaling PME through PCIe PME interrupt
[    2.417087] pci 0000:42:00.1: Signaling PME through PCIe PME interrupt
[    2.417089] pci 0000:42:00.2: Signaling PME through PCIe PME interrupt
[    2.417093] pcie_pme 0000:40:08.1:pcie001: service driver pcie_pme loaded
[    2.417111] pcieport 0000:00:01.1: Signaling PME through PCIe PME interrupt
[    2.417116] pcie_pme 0000:00:01.1:pcie001: service driver pcie_pme loaded
[    2.417137] pcieport 0000:00:01.2: Signaling PME through PCIe PME interrupt
[    2.417142] pcie_pme 0000:00:01.2:pcie001: service driver pcie_pme loaded
[    2.417160] pcieport 0000:00:07.1: Signaling PME through PCIe PME interrupt
[    2.417162] pci 0000:01:00.0: Signaling PME through PCIe PME interrupt
[    2.417163] pci 0000:01:00.2: Signaling PME through PCIe PME interrupt
[    2.417167] pcie_pme 0000:00:07.1:pcie001: service driver pcie_pme loaded
[    2.417181] pcieport 0000:00:08.1: Signaling PME through PCIe PME interrupt
[    2.417183] pci 0000:02:00.0: Signaling PME through PCIe PME interrupt
[    2.417185] pci 0000:02:00.2: Signaling PME through PCIe PME interrupt
[    2.417187] pci 0000:02:00.3: Signaling PME through PCIe PME interrupt
[    2.417191] pcie_pme 0000:00:08.1:pcie001: service driver pcie_pme loaded
[    2.417216] pci_hotplug: PCI Hot Plug PCI Core version: 0.5
[    2.417225] pciehp: PCI Express Hot Plug Controller Driver version: 0.4
[    2.417248] shpchp: Standard Hot Plug PCI Controller Driver version: 0.4
[    2.417361] efifb: probing for efifb
[    2.417377] efifb: framebuffer at 0xcc000000, mapped to 0xffffbd1cc2000000, using 3072k, total 3072k
[    2.417379] efifb: mode is 1024x768x32, linelength=4096, pages=1
[    2.417380] efifb: scrolling: redraw
[    2.417383] efifb: Truecolor: size=8:8:8:8, shift=24:16:8:0
[    2.439613] Console: switching to colour frame buffer device 128x48
[    2.462249] fb0: EFI VGA frame buffer device
[    2.462341] input: Power Button as /devices/LNXSYSTM:00/device:00/PNP0C0C:00/input/input0
[    2.462345] ACPI: Power Button [PWRB]
[    2.462396] input: Power Button as /devices/LNXSYSTM:00/LNXPWRBN:00/input/input1
[    2.462398] ACPI: Power Button [PWRF]
[    2.462536] Monitor-Mwait will be used to enter C-1 state
[    2.462564] ACPI: acpi_idle registered with cpuidle
[    2.465302] ERST: Error Record Serialization Table (ERST) support is initialized.
[    2.465306] pstore: Registered erst as persistent store backend
[    2.465739] GHES: APEI firmware first mode is enabled by APEI bit and WHEA _OSC.
[    2.465860] Serial: 8250/16550 driver, 4 ports, IRQ sharing enabled
[    2.486618] 00:02: ttyS1 at I/O 0x2f8 (irq = 3) is a 16550A
[    2.507426] 00:03: ttyS0 at I/O 0x3f8 (irq = 4) is a 16550A
[    2.508116] Non-volatile memory driver v1.3
[    2.508166] Linux agpgart interface v0.103
[    2.508907] crash memory driver: version 1.1
[    2.509155] rdac: device handler registered
[    2.509253] hp_sw: device handler registered
[    2.509257] emc: device handler registered
[    2.509355] alua: device handler registered
[    2.509469] libphy: Fixed MDIO Bus: probed
[    2.509544] ehci_hcd: USB 2.0 'Enhanced' Host Controller (EHCI) Driver
[    2.509550] ehci-pci: EHCI PCI platform driver
[    2.509660] ehci-pci 0000:c1:00.4: EHCI Host Controller
[    2.509738] ehci-pci 0000:c1:00.4: new USB bus registered, assigned bus number 1
[    2.509782] ehci-pci 0000:c1:00.4: Enabling legacy PCI PM
[    2.509810] ehci-pci 0000:c1:00.4: irq 50, io mem 0xcdba4000
[    2.515583] ehci-pci 0000:c1:00.4: USB 2.0 started, EHCI 1.00
[    2.515639] usb usb1: New USB device found, idVendor=1d6b, idProduct=0002, bcdDevice= 3.10
[    2.515642] usb usb1: New USB device strings: Mfr=3, Product=2, SerialNumber=1
[    2.515644] usb usb1: Product: EHCI Host Controller
[    2.515647] usb usb1: Manufacturer: Linux 3.10.0-1127.el7.x86_64 ehci_hcd
[    2.515649] usb usb1: SerialNumber: 0000:c1:00.4
[    2.515916] hub 1-0:1.0: USB hub found
[    2.515923] hub 1-0:1.0: 8 ports detected
[    2.516165] ohci_hcd: USB 1.1 'Open' Host Controller (OHCI) Driver
[    2.516172] ohci-pci: OHCI PCI platform driver
[    2.516192] uhci_hcd: USB Universal Host Controller Interface driver
[    2.516307] xhci_hcd 0000:02:00.3: xHCI Host Controller
[    2.516379] xhci_hcd 0000:02:00.3: new USB bus registered, assigned bus number 2
[    2.516496] xhci_hcd 0000:02:00.3: hcc params 0x0260ffe5 hci version 0x110 quirks 0x0000000000000410
[    2.516527] xhci_hcd 0000:02:00.3: irq 52 for MSI/MSI-X
[    2.516538] xhci_hcd 0000:02:00.3: irq 53 for MSI/MSI-X
[    2.516548] xhci_hcd 0000:02:00.3: irq 54 for MSI/MSI-X
[    2.516558] xhci_hcd 0000:02:00.3: irq 55 for MSI/MSI-X
[    2.516568] xhci_hcd 0000:02:00.3: irq 56 for MSI/MSI-X
[    2.516578] xhci_hcd 0000:02:00.3: irq 57 for MSI/MSI-X
[    2.516588] xhci_hcd 0000:02:00.3: irq 58 for MSI/MSI-X
[    2.516599] xhci_hcd 0000:02:00.3: irq 59 for MSI/MSI-X
[    2.516899] usb usb2: New USB device found, idVendor=1d6b, idProduct=0002, bcdDevice= 3.10
[    2.516902] usb usb2: New USB device strings: Mfr=3, Product=2, SerialNumber=1
[    2.516904] usb usb2: Product: xHCI Host Controller
[    2.516906] usb usb2: Manufacturer: Linux 3.10.0-1127.el7.x86_64 xhci-hcd
[    2.516908] usb usb2: SerialNumber: 0000:02:00.3
[    2.517051] hub 2-0:1.0: USB hub found
[    2.517059] hub 2-0:1.0: 2 ports detected
[    2.517180] xhci_hcd 0000:02:00.3: xHCI Host Controller
[    2.517239] xhci_hcd 0000:02:00.3: new USB bus registered, assigned bus number 3
[    2.517243] xhci_hcd 0000:02:00.3: Host supports USB 3.10 Enhanced SuperSpeed
[    2.517257] usb usb3: We don't know the algorithms for LPM for this host, disabling LPM.
[    2.517276] usb usb3: New USB device found, idVendor=1d6b, idProduct=0003, bcdDevice= 3.10
[    2.517279] usb usb3: New USB device strings: Mfr=3, Product=2, SerialNumber=1
[    2.517281] usb usb3: Product: xHCI Host Controller
[    2.517283] usb usb3: Manufacturer: Linux 3.10.0-1127.el7.x86_64 xhci-hcd
[    2.517285] usb usb3: SerialNumber: 0000:02:00.3
[    2.517424] hub 3-0:1.0: USB hub found
[    2.517431] hub 3-0:1.0: 2 ports detected
[    2.517568] usbcore: registered new interface driver usbserial_generic
[    2.517577] usbserial: USB Serial support registered for generic
[    2.517627] i8042: PNP: No PS/2 controller found. Probing ports directly.
[    3.038191] i8042: Can't read CTR while initializing i8042
[    3.038616] i8042: probe of i8042 failed with error -5
[    3.038720] mousedev: PS/2 mouse device common for all mice
[    3.038968] rtc_cmos 00:00: RTC can wake from S4
[    3.039137] rtc_cmos 00:00: rtc core: registered rtc_cmos as rtc0
[    3.039181] rtc_cmos 00:00: alarms up to one month, y3k, 114 bytes nvram, hpet irqs
[    3.039492] cpuidle: using governor menu
[    3.040715] EFI Variables Facility v0.08 2004-May-17
[    3.067091] hidraw: raw HID events driver (C) Jiri Kosina
[    3.067231] usbcore: registered new interface driver usbhid
[    3.067232] usbhid: USB HID core driver
[    3.067296] Invalid PCCT: 0 PCC subspaces
[    3.067330] drop_monitor: Initializing network drop monitor service
[    3.067428] TCP: cubic registered
[    3.067433] Initializing XFRM netlink socket
[    3.067587] NET: Registered protocol family 10
[    3.067897] NET: Registered protocol family 17
[    3.067906] mpls_gso: MPLS GSO support
[    3.068882] intel_rdt: Intel RDT L3 allocation detected
[    3.068884] intel_rdt: Intel RDT L3DATA allocation detected
[    3.068885] intel_rdt: Intel RDT L3CODE allocation detected
[    3.068886] intel_rdt: Intel RDT L3 monitoring detected
[    3.068891] mce: Using 28 MCE banks
[    3.068944] microcode: CPU0: patch_level=0x08301034
[    3.068960] microcode: CPU1: patch_level=0x08301034
[    3.068975] microcode: CPU2: patch_level=0x08301034
[    3.068991] microcode: CPU3: patch_level=0x08301034
[    3.069007] microcode: CPU4: patch_level=0x08301034
[    3.069023] microcode: CPU5: patch_level=0x08301034
[    3.069040] microcode: CPU6: patch_level=0x08301034
[    3.069057] microcode: CPU7: patch_level=0x08301034
[    3.069068] microcode: CPU8: patch_level=0x08301034
[    3.069080] microcode: CPU9: patch_level=0x08301034
[    3.069092] microcode: CPU10: patch_level=0x08301034
[    3.069105] microcode: CPU11: patch_level=0x08301034
[    3.069116] microcode: CPU12: patch_level=0x08301034
[    3.069128] microcode: CPU13: patch_level=0x08301034
[    3.069140] microcode: CPU14: patch_level=0x08301034
[    3.069147] microcode: CPU15: patch_level=0x08301034
[    3.069202] microcode: Microcode Update Driver: v2.01 <tigran@aivazian.fsnet.co.uk>, Peter Oruba
[    3.069381] PM: Hibernation image not present or could not be loaded.
[    3.069385] Loading compiled-in X.509 certificates
[    3.069932] Loaded X.509 cert 'Red Hat Enterprise Linux Driver Update Program (key 3): bf57f3e87362bc7229d9f465321773dfd1f77a80'
[    3.070435] Loaded X.509 cert 'Red Hat Enterprise Linux kpatch signing key: 4d38fd864ebe18c5f0b72e3852e2014c3a676fc8'
[    3.070955] Loaded X.509 cert 'Red Hat Enterprise Linux kernel signing key: d863126284db0e8332609e1e3bdfc5ae66330b73'
[    3.070972] registered taskstats version 1
[    3.073576] Key type trusted registered
[    3.075645] Key type encrypted registered
[    3.075663] IMA: No TPM chip found, activating TPM-bypass! (rc=-19)
[    3.076361]   Magic number: 0:587:414
[    3.076371] thermal cooling_device10: hash matches
[    3.076392] pci 0000:00:18.6: hash matches
[    3.076479] rtc_cmos 00:00: setting system clock to 2020-04-24 04:26:45 UTC (1587702405)
[    3.078211] Freeing unused kernel memory: 1980k freed
[    3.078633] Write protecting the kernel read-only data: 12288k
[    3.080235] Freeing unused kernel memory: 396k freed
[    3.082133] Freeing unused kernel memory: 540k freed
[    3.134801] random: systemd: uninitialized urandom read (16 bytes read)
[    3.135141] random: systemd: uninitialized urandom read (16 bytes read)
[    3.135158] random: systemd: uninitialized urandom read (16 bytes read)
[    3.137345] systemd[1]: systemd 219 running in system mode. (+PAM +AUDIT +SELINUX +IMA -APPARMOR +SMACK +SYSVINIT +UTMP +LIBCRYPTSETUP +GCRYPT +GNUTLS +ACL +XZ +LZ4 -SECCOMP +BLKID +ELFUTILS +KMOD +IDN)
[    3.137513] systemd[1]: Detected architecture x86-64.
[    3.137517] systemd[1]: Running in initial RAM disk.
[    3.137542] systemd[1]: Set hostname to <localhost.localdomain>.
[    3.176717] random: systemd: uninitialized urandom read (16 bytes read)
[    3.176742] random: systemd: uninitialized urandom read (16 bytes read)
[    3.176778] random: systemd: uninitialized urandom read (16 bytes read)
[    3.176840] random: systemd: uninitialized urandom read (16 bytes read)
[    3.177497] random: systemd: uninitialized urandom read (16 bytes read)
[    3.177615] random: systemd: uninitialized urandom read (16 bytes read)
[    3.177933] random: systemd: uninitialized urandom read (16 bytes read)
[    3.182485] systemd[1]: Reached target Local File Systems.
[    3.182713] systemd[1]: Created slice Root Slice.
[    3.182796] systemd[1]: Created slice System Slice.
[    3.182863] systemd[1]: Listening on Journal Socket.
[    3.183521] systemd[1]: Starting Apply Kernel Variables...
[    3.184049] systemd[1]: Starting Journal Service...
[    3.184615] systemd[1]: Starting Setup Virtual Console...
[    3.185282] systemd[1]: Starting Create list of required static device nodes for the current kernel...
[    3.185321] systemd[1]: Reached target Swap.
[    3.186122] systemd[1]: Starting dracut cmdline hook...
[    3.186194] systemd[1]: Listening on udev Control Socket.
[    3.186228] systemd[1]: Reached target Timers.
[    3.186252] systemd[1]: Reached target Slices.
[    3.186310] systemd[1]: Listening on udev Kernel Socket.
[    3.186331] systemd[1]: Reached target Sockets.
[    3.186857] systemd[1]: Started Apply Kernel Variables.
[    3.187234] systemd[1]: Started Create list of required static device nodes for the current kernel.
[    3.188027] systemd[1]: Starting Create Static Device Nodes in /dev...
[    3.191409] systemd[1]: Started Create Static Device Nodes in /dev.
[    3.232612] systemd[1]: Started Journal Service.
[    3.250485] usb 2-1: new high-speed USB device number 2 using xhci_hcd
[    3.366005] dca service started, version 1.12.1
[    3.368744] pps_core: LinuxPPS API ver. 1 registered
[    3.368749] pps_core: Software ver. 5.3.6 - Copyright 2005-2007 Rodolfo Giometti <giometti@linux.it>
[    3.369674] tsc: Refined TSC clocksource calibration: 3193.999 MHz
[    3.370019] Switched to clocksource tsc
[    3.372208] PTP clock support registered
[    3.376514] usb 2-1: New USB device found, idVendor=0424, idProduct=2744, bcdDevice= 2.05
[    3.376519] usb 2-1: New USB device strings: Mfr=1, Product=2, SerialNumber=0
[    3.376522] usb 2-1: Product: USB2744
[    3.376525] usb 2-1: Manufacturer: Microchip Tech
[    3.379529] Microsemi PQI Driver (v1.2.4-070)
[    3.379579] smartpqi 0000:83:00.0: Microsemi Smart Family Controller found
[    3.395915] igb: Intel(R) Gigabit Ethernet Network Driver - version 5.6.0-k
[    3.395916] igb: Copyright (c) 2007-2014 Intel Corporation.
[    3.412502] igb 0000:c4:00.0: irq 62 for MSI/MSI-X
[    3.414493] hub 2-1:1.0: USB hub found
[    3.414862] hub 2-1:1.0: 5 ports detected
[    3.415570] igb 0000:c4:00.0: irq 62 for MSI/MSI-X
[    3.415638] igb 0000:c4:00.0: irq 63 for MSI/MSI-X
[    3.415707] igb 0000:c4:00.0: irq 64 for MSI/MSI-X
[    3.415774] igb 0000:c4:00.0: irq 65 for MSI/MSI-X
[    3.415846] igb 0000:c4:00.0: irq 66 for MSI/MSI-X
[    3.415915] igb 0000:c4:00.0: irq 67 for MSI/MSI-X
[    3.415983] igb 0000:c4:00.0: irq 68 for MSI/MSI-X
[    3.416050] igb 0000:c4:00.0: irq 69 for MSI/MSI-X
[    3.416122] igb 0000:c4:00.0: irq 70 for MSI/MSI-X
[    3.416564] smartpqi 0000:83:00.0: irq 71 for MSI/MSI-X
[    3.416577] smartpqi 0000:83:00.0: irq 72 for MSI/MSI-X
[    3.416588] smartpqi 0000:83:00.0: irq 73 for MSI/MSI-X
[    3.416597] smartpqi 0000:83:00.0: irq 74 for MSI/MSI-X
[    3.416605] smartpqi 0000:83:00.0: irq 75 for MSI/MSI-X
[    3.416614] smartpqi 0000:83:00.0: irq 76 for MSI/MSI-X
[    3.416622] smartpqi 0000:83:00.0: irq 77 for MSI/MSI-X
[    3.416630] smartpqi 0000:83:00.0: irq 78 for MSI/MSI-X
[    3.416639] smartpqi 0000:83:00.0: irq 79 for MSI/MSI-X
[    3.416647] smartpqi 0000:83:00.0: irq 80 for MSI/MSI-X
[    3.416657] smartpqi 0000:83:00.0: irq 81 for MSI/MSI-X
[    3.416665] smartpqi 0000:83:00.0: irq 82 for MSI/MSI-X
[    3.416674] smartpqi 0000:83:00.0: irq 83 for MSI/MSI-X
[    3.416682] smartpqi 0000:83:00.0: irq 84 for MSI/MSI-X
[    3.416690] smartpqi 0000:83:00.0: irq 85 for MSI/MSI-X
[    3.416698] smartpqi 0000:83:00.0: irq 86 for MSI/MSI-X
[    3.445310] checking generic (cc000000 300000) vs hw (cc000000 1000000)
[    3.445313] fb: conflicting fb hw usage mgag200drmfb vs EFI VGA - removing generic driver
[    3.445357] Console: switching to colour dummy device 80x25
[    3.451344] [TTM] Zone  kernel: Available graphics memory: 8079212 kiB
[    3.451346] [TTM] Zone   dma32: Available graphics memory: 2097152 kiB
[    3.451348] [TTM] Initializing pool allocator
[    3.451352] [TTM] Initializing DMA pool allocator
[    3.480235] igb 0000:c4:00.0: added PHC on eth0
[    3.480239] igb 0000:c4:00.0: Intel(R) Gigabit Ethernet Network Connection
[    3.480242] igb 0000:c4:00.0: eth0: (PCIe:5.0Gb/s:Width x4) 48:df:37:c9:0b:f4
[    3.480633] igb 0000:c4:00.0: eth0: PBA No: G41713-018
[    3.480639] igb 0000:c4:00.0: Using MSI-X interrupts. 8 rx queue(s), 8 tx queue(s)
[    3.480985] igb 0000:c4:00.1: irq 88 for MSI/MSI-X
[    3.481038] igb 0000:c4:00.1: irq 88 for MSI/MSI-X
[    3.481049] igb 0000:c4:00.1: irq 89 for MSI/MSI-X
[    3.481059] igb 0000:c4:00.1: irq 90 for MSI/MSI-X
[    3.481070] igb 0000:c4:00.1: irq 91 for MSI/MSI-X
[    3.481080] igb 0000:c4:00.1: irq 92 for MSI/MSI-X
[    3.481091] igb 0000:c4:00.1: irq 93 for MSI/MSI-X
[    3.481101] igb 0000:c4:00.1: irq 94 for MSI/MSI-X
[    3.481113] igb 0000:c4:00.1: irq 95 for MSI/MSI-X
[    3.481123] igb 0000:c4:00.1: irq 96 for MSI/MSI-X
[    3.486517] usb 3-1: new SuperSpeed Gen 1 USB device number 2 using xhci_hcd
[    3.497813] usb 3-1: New USB device found, idVendor=0424, idProduct=5744, bcdDevice= 2.05
[    3.497816] usb 3-1: New USB device strings: Mfr=2, Product=3, SerialNumber=0
[    3.497819] usb 3-1: Product: USB5744
[    3.497821] usb 3-1: Manufacturer: Microchip Tech
[    3.514651] fbcon: mgadrmfb (fb0) is primary device
[    3.514714] Console: switching to colour frame buffer device 128x48
[    3.525352] hub 3-1:1.0: USB hub found
[    3.525376] hub 3-1:1.0: 4 ports detected
[    3.547622] smartpqi 0000:83:00.0: Online Firmware Activation enabled
[    3.547625] smartpqi 0000:83:00.0: Serial Management Protocol enabled
[    3.547628] smartpqi 0000:83:00.0: New Soft Reset Handshake enabled
[    3.547630] smartpqi 0000:83:00.0: RAID IU Timeout enabled
[    3.547632] smartpqi 0000:83:00.0: TMF IU Timeout enabled
[    3.547792] scsi host0: smartpqi
[    3.550400] igb 0000:c4:00.1: added PHC on eth1
[    3.550402] igb 0000:c4:00.1: Intel(R) Gigabit Ethernet Network Connection
[    3.550404] igb 0000:c4:00.1: eth1: (PCIe:5.0Gb/s:Width x4) 48:df:37:c9:0b:f5
[    3.550793] igb 0000:c4:00.1: eth1: PBA No: G41713-018
[    3.550795] igb 0000:c4:00.1: Using MSI-X interrupts. 8 rx queue(s), 8 tx queue(s)
[    3.551130] igb 0000:c4:00.2: irq 98 for MSI/MSI-X
[    3.551178] igb 0000:c4:00.2: irq 98 for MSI/MSI-X
[    3.551188] igb 0000:c4:00.2: irq 99 for MSI/MSI-X
[    3.551197] igb 0000:c4:00.2: irq 100 for MSI/MSI-X
[    3.551209] igb 0000:c4:00.2: irq 101 for MSI/MSI-X
[    3.551218] igb 0000:c4:00.2: irq 102 for MSI/MSI-X
[    3.551228] igb 0000:c4:00.2: irq 103 for MSI/MSI-X
[    3.551239] igb 0000:c4:00.2: irq 104 for MSI/MSI-X
[    3.551250] igb 0000:c4:00.2: irq 105 for MSI/MSI-X
[    3.551259] igb 0000:c4:00.2: irq 106 for MSI/MSI-X
[    3.555437] smartpqi 0000:83:00.0: added 0:0:-:- 31402ec014b92eb3 Direct-Access     ATA      MICRON_M510DC_MT AIO+ qd=32    
[    3.556146] scsi 0:0:0:0: Direct-Access     ATA      MICRON_M510DC_MT 0013 PQ: 0 ANSI: 6
[    3.605204] mgag200 0000:c1:00.1: fb0: mgadrmfb frame buffer device
[    3.606669] smartpqi 0000:83:00.0: added 0:0:-:- 51402ec014b92eb8 Enclosure         HPE      Smart Adapter    AIO-
[    3.609091] scsi 0:0:1:0: Enclosure         HPE      Smart Adapter    2.62 PQ: 0 ANSI: 5
[    3.609475] igb 0000:c4:00.2: added PHC on eth2
[    3.609479] igb 0000:c4:00.2: Intel(R) Gigabit Ethernet Network Connection
[    3.609482] igb 0000:c4:00.2: eth2: (PCIe:5.0Gb/s:Width x4) 48:df:37:c9:0b:f6
[    3.609485] [drm] Initialized mgag200 1.0.0 20110418 for 0000:c1:00.1 on minor 0
[    3.610467] usb 2-2: new high-speed USB device number 3 using xhci_hcd
[    3.610505] igb 0000:c4:00.2: eth2: PBA No: G41713-018
[    3.610508] igb 0000:c4:00.2: Using MSI-X interrupts. 8 rx queue(s), 8 tx queue(s)
[    3.612609] igb 0000:c4:00.3: irq 108 for MSI/MSI-X
[    3.613177] igb 0000:c4:00.3: irq 108 for MSI/MSI-X
[    3.613251] igb 0000:c4:00.3: irq 109 for MSI/MSI-X
[    3.613326] igb 0000:c4:00.3: irq 110 for MSI/MSI-X
[    3.613397] igb 0000:c4:00.3: irq 111 for MSI/MSI-X
[    3.613479] igb 0000:c4:00.3: irq 112 for MSI/MSI-X
[    3.613502] igb 0000:c4:00.3: irq 113 for MSI/MSI-X
[    3.613560] igb 0000:c4:00.3: irq 114 for MSI/MSI-X
[    3.613570] igb 0000:c4:00.3: irq 115 for MSI/MSI-X
[    3.613580] igb 0000:c4:00.3: irq 116 for MSI/MSI-X
[    3.674790] igb 0000:c4:00.3: added PHC on eth3
[    3.674794] igb 0000:c4:00.3: Intel(R) Gigabit Ethernet Network Connection
[    3.674797] igb 0000:c4:00.3: eth3: (PCIe:5.0Gb/s:Width x4) 48:df:37:c9:0b:f7
[    3.675192] igb 0000:c4:00.3: eth3: PBA No: G41713-018
[    3.675194] igb 0000:c4:00.3: Using MSI-X interrupts. 8 rx queue(s), 8 tx queue(s)
[    3.717638] smartpqi 0000:83:00.0: added 0:2:0:0 0000000000000000 RAID              HPE      P408i-a SR Gen10 
[    3.720073] scsi 0:2:0:0: RAID              HPE      P408i-a SR Gen10 2.62 PQ: 0 ANSI: 5
[    3.736259] usb 2-2: New USB device found, idVendor=0424, idProduct=2744, bcdDevice= 2.05
[    3.736263] usb 2-2: New USB device strings: Mfr=1, Product=2, SerialNumber=0
[    3.736266] usb 2-2: Product: USB2744
[    3.736268] usb 2-2: Manufacturer: Microchip Tech
[    3.756281] sd 0:0:0:0: [sda] 1875385008 512-byte logical blocks: (960 GB/894 GiB)
[    3.756286] sd 0:0:0:0: [sda] 4096-byte physical blocks
[    3.757901] sd 0:0:0:0: [sda] Write Protect is off
[    3.757905] sd 0:0:0:0: [sda] Mode Sense: 46 00 10 08
[    3.758367] sd 0:0:0:0: [sda] Write cache: enabled, read cache: enabled, supports DPO and FUA
[    3.760268] random: fast init done
[    3.763142]  sda: sda1 sda2 sda3 sda4
[    3.766624] sd 0:0:0:0: [sda] Attached SCSI disk
[    3.797445] hub 2-2:1.0: USB hub found
[    3.797632] hub 2-2:1.0: 5 ports detected
[    3.861391] usb 3-2: new SuperSpeed Gen 1 USB device number 3 using xhci_hcd
[    3.871817] usb 3-2: New USB device found, idVendor=0424, idProduct=5744, bcdDevice= 2.05
[    3.871821] usb 3-2: New USB device strings: Mfr=2, Product=3, SerialNumber=0
[    3.871824] usb 3-2: Product: USB5744
[    3.871826] usb 3-2: Manufacturer: Microchip Tech
[    3.893343] hub 3-2:1.0: USB hub found
[    3.893371] hub 3-2:1.0: 4 ports detected
